[2024-03-30 13:14:39,800 : INFO : main : Welcome to our Project]
[2024-03-31 17:05:01,596 : INFO : main : Welcome to our Project]
[2024-03-31 22:01:15,209 : INFO : main : >>>>>> Stage Data Ingestion Stage Started <<<<<<]
[2024-03-31 22:01:15,215 : INFO : common : Yaml file : config\config.yaml Loaded Successfully]
[2024-03-31 22:01:15,218 : INFO : common : Yaml file : params.yaml Loaded Successfully]
[2024-03-31 22:01:15,220 : INFO : common : Yaml file : schema.yaml Loaded Successfully]
[2024-03-31 22:01:15,220 : ERROR : main : type object 'ConfigBox' has no attribute 'artifacts_root']
Traceback (most recent call last):
  File "G:\Projects\End-to-End-Machine-learning-Project-with-MlFlow\main.py", line 9, in <module>
    pipe.main()
  File "g:\projects\end-to-end-machine-learning-project-with-mlflow\src\MlProject\pipeline\stage_01_data_ingestion.py", line 12, in main
    config = ConfigurationManager()
  File "g:\projects\end-to-end-machine-learning-project-with-mlflow\src\MlProject\config\configuration.py", line 16, in __init__
    create_directories([self.config.artifacts_root])
AttributeError: type object 'ConfigBox' has no attribute 'artifacts_root'
[2024-03-31 22:02:18,471 : INFO : main : >>>>>> Stage Data Ingestion Stage Started <<<<<<]
[2024-03-31 22:02:18,472 : INFO : common : Yaml file : config\config.yaml Loaded Successfully]
[2024-03-31 22:02:18,472 : INFO : common : Yaml file : params.yaml Loaded Successfully]
[2024-03-31 22:02:18,473 : INFO : common : Yaml file : schema.yaml Loaded Successfully]
[2024-03-31 22:02:18,473 : ERROR : main : type object 'ConfigBox' has no attribute 'artifacts_root']
Traceback (most recent call last):
  File "G:\Projects\End-to-End-Machine-learning-Project-with-MlFlow\main.py", line 9, in <module>
    pipe.main()
  File "g:\projects\end-to-end-machine-learning-project-with-mlflow\src\MlProject\pipeline\stage_01_data_ingestion.py", line 12, in main
    config = ConfigurationManager()
  File "g:\projects\end-to-end-machine-learning-project-with-mlflow\src\MlProject\config\configuration.py", line 16, in __init__
    create_directories([self.config.artifacts_root])
AttributeError: type object 'ConfigBox' has no attribute 'artifacts_root'
[2024-03-31 22:02:41,802 : INFO : main : >>>>>> Stage Data Ingestion Stage Started <<<<<<]
[2024-03-31 22:02:41,803 : INFO : common : Yaml file : config\config.yaml Loaded Successfully]
[2024-03-31 22:02:41,803 : INFO : common : Yaml file : params.yaml Loaded Successfully]
[2024-03-31 22:02:41,804 : INFO : common : Yaml file : schema.yaml Loaded Successfully]
[2024-03-31 22:02:41,804 : ERROR : main : type object 'ConfigBox' has no attribute 'data_ingestion']
Traceback (most recent call last):
  File "G:\Projects\End-to-End-Machine-learning-Project-with-MlFlow\main.py", line 9, in <module>
    pipe.main()
  File "g:\projects\end-to-end-machine-learning-project-with-mlflow\src\MlProject\pipeline\stage_01_data_ingestion.py", line 13, in main
    data_ingestion_config = config.get_data_ingestion_config()
  File "g:\projects\end-to-end-machine-learning-project-with-mlflow\src\MlProject\config\configuration.py", line 19, in get_data_ingestion_config
    config = self.config.data_ingestion
AttributeError: type object 'ConfigBox' has no attribute 'data_ingestion'
[2024-03-31 22:03:23,395 : INFO : main : >>>>>> Stage Data Ingestion Stage Started <<<<<<]
[2024-03-31 22:03:23,396 : INFO : common : Yaml file : config\config.yaml Loaded Successfully]
[2024-03-31 22:03:23,396 : INFO : common : Yaml file : params.yaml Loaded Successfully]
[2024-03-31 22:03:23,397 : INFO : common : Yaml file : schema.yaml Loaded Successfully]
[2024-03-31 22:03:23,397 : ERROR : main : type object 'ConfigBox' has no attribute 'artifacts_root']
Traceback (most recent call last):
  File "G:\Projects\End-to-End-Machine-learning-Project-with-MlFlow\main.py", line 9, in <module>
    pipe.main()
  File "g:\projects\end-to-end-machine-learning-project-with-mlflow\src\MlProject\pipeline\stage_01_data_ingestion.py", line 12, in main
    config = ConfigurationManager()
  File "g:\projects\end-to-end-machine-learning-project-with-mlflow\src\MlProject\config\configuration.py", line 16, in __init__
    create_directories([self.config.artifacts_root])
AttributeError: type object 'ConfigBox' has no attribute 'artifacts_root'
[2024-03-31 22:05:38,129 : INFO : main : >>>>>> Stage Data Ingestion Stage Started <<<<<<]
[2024-03-31 22:05:38,130 : INFO : common : Yaml file : config\config.yaml Loaded Successfully]
[2024-03-31 22:05:38,146 : INFO : common : Yaml file : params.yaml Loaded Successfully]
[2024-03-31 22:05:38,147 : INFO : common : Yaml file : schema.yaml Loaded Successfully]
[2024-03-31 22:05:38,147 : ERROR : main : yaml file is empty]
Traceback (most recent call last):
  File "g:\projects\end-to-end-machine-learning-project-with-mlflow\src\MlProject\utils\common.py", line 30, in read_yaml
    return ConfigBox(content)
  File "box\box.py", line 247, in box.box.Box.__init__
box.exceptions.BoxValueError: Cannot extrapolate Box from string

During handling of the above exception, another exception occurred:

Traceback (most recent call last):
  File "G:\Projects\End-to-End-Machine-learning-Project-with-MlFlow\main.py", line 9, in <module>
    pipe.main()
  File "g:\projects\end-to-end-machine-learning-project-with-mlflow\src\MlProject\pipeline\stage_01_data_ingestion.py", line 12, in main
    config = ConfigurationManager()
  File "g:\projects\end-to-end-machine-learning-project-with-mlflow\src\MlProject\config\configuration.py", line 14, in __init__
    self.schema = read_yaml(schema_filepath)
  File "G:\Projects\End-to-End-Machine-learning-Project-with-MlFlow\MlProject\lib\site-packages\ensure\main.py", line 807, in __call__
    return self.f(*args, **kwargs)
  File "g:\projects\end-to-end-machine-learning-project-with-mlflow\src\MlProject\utils\common.py", line 32, in read_yaml
    raise ValueError("yaml file is empty")
ValueError: yaml file is empty
[2024-03-31 22:06:16,671 : INFO : main : >>>>>> Stage Data Ingestion Stage Started <<<<<<]
[2024-03-31 22:06:16,673 : INFO : common : Yaml file : config\config.yaml Loaded Successfully]
[2024-03-31 22:06:16,674 : INFO : common : Yaml file : params.yaml Loaded Successfully]
[2024-03-31 22:06:16,674 : INFO : common : Yaml file : schema.yaml Loaded Successfully]
[2024-03-31 22:06:16,675 : ERROR : main : yaml file is empty]
Traceback (most recent call last):
  File "g:\projects\end-to-end-machine-learning-project-with-mlflow\src\MlProject\utils\common.py", line 30, in read_yaml
    return ConfigBox(content)
  File "box\box.py", line 247, in box.box.Box.__init__
box.exceptions.BoxValueError: Cannot extrapolate Box from string

During handling of the above exception, another exception occurred:

Traceback (most recent call last):
  File "G:\Projects\End-to-End-Machine-learning-Project-with-MlFlow\main.py", line 9, in <module>
    pipe.main()
  File "g:\projects\end-to-end-machine-learning-project-with-mlflow\src\MlProject\pipeline\stage_01_data_ingestion.py", line 12, in main
    config = ConfigurationManager()
  File "g:\projects\end-to-end-machine-learning-project-with-mlflow\src\MlProject\config\configuration.py", line 14, in __init__
    self.schema = read_yaml(schema_filepath)
  File "G:\Projects\End-to-End-Machine-learning-Project-with-MlFlow\MlProject\lib\site-packages\ensure\main.py", line 807, in __call__
    return self.f(*args, **kwargs)
  File "g:\projects\end-to-end-machine-learning-project-with-mlflow\src\MlProject\utils\common.py", line 32, in read_yaml
    raise ValueError("yaml file is empty")
ValueError: yaml file is empty
[2024-03-31 22:06:44,815 : INFO : main : >>>>>> Stage Data Ingestion Stage Started <<<<<<]
[2024-03-31 22:06:44,817 : INFO : common : Yaml file : config\config.yaml Loaded Successfully]
[2024-03-31 22:06:44,818 : INFO : common : Yaml file : params.yaml Loaded Successfully]
[2024-03-31 22:06:44,819 : INFO : common : Yaml file : schema.yaml Loaded Successfully]
[2024-03-31 22:06:44,820 : INFO : common : Created directory at: artifacts]
[2024-03-31 22:06:44,820 : ERROR : main : "'ConfigBox' object has no attribute 'root_data'"]
Traceback (most recent call last):
  File "box\box.py", line 503, in box.box.Box.__getitem__
KeyError: 'root_data'

The above exception was the direct cause of the following exception:

Traceback (most recent call last):
  File "box\box.py", line 536, in box.box.Box.__getattr__
  File "box\box.py", line 524, in box.box.Box.__getitem__
box.exceptions.BoxKeyError: "'root_data'"

During handling of the above exception, another exception occurred:

Traceback (most recent call last):
  File "box\box.py", line 538, in box.box.Box.__getattr__
AttributeError: 'ConfigBox' object has no attribute 'root_data'

The above exception was the direct cause of the following exception:

Traceback (most recent call last):
  File "box\config_box.py", line 28, in box.config_box.ConfigBox.__getattr__
  File "box\box.py", line 552, in box.box.Box.__getattr__
box.exceptions.BoxKeyError: "'ConfigBox' object has no attribute 'root_data'"

During handling of the above exception, another exception occurred:

Traceback (most recent call last):
  File "box\box.py", line 503, in box.box.Box.__getitem__
KeyError: 'root_data'

The above exception was the direct cause of the following exception:

Traceback (most recent call last):
  File "box\box.py", line 536, in box.box.Box.__getattr__
  File "box\box.py", line 524, in box.box.Box.__getitem__
box.exceptions.BoxKeyError: "'root_data'"

During handling of the above exception, another exception occurred:

Traceback (most recent call last):
  File "box\box.py", line 538, in box.box.Box.__getattr__
AttributeError: 'ConfigBox' object has no attribute 'root_data'

The above exception was the direct cause of the following exception:

Traceback (most recent call last):
  File "G:\Projects\End-to-End-Machine-learning-Project-with-MlFlow\main.py", line 9, in <module>
    pipe.main()
  File "g:\projects\end-to-end-machine-learning-project-with-mlflow\src\MlProject\pipeline\stage_01_data_ingestion.py", line 13, in main
    data_ingestion_config = config.get_data_ingestion_config()
  File "g:\projects\end-to-end-machine-learning-project-with-mlflow\src\MlProject\config\configuration.py", line 20, in get_data_ingestion_config
    create_directories([config.root_data])
  File "box\config_box.py", line 30, in box.config_box.ConfigBox.__getattr__
  File "box\box.py", line 552, in box.box.Box.__getattr__
box.exceptions.BoxKeyError: "'ConfigBox' object has no attribute 'root_data'"
[2024-03-31 22:08:19,247 : INFO : main : >>>>>> Stage Data Ingestion Stage Started <<<<<<]
[2024-03-31 22:08:19,248 : INFO : common : Yaml file : config\config.yaml Loaded Successfully]
[2024-03-31 22:08:19,249 : INFO : common : Yaml file : params.yaml Loaded Successfully]
[2024-03-31 22:08:19,249 : INFO : common : Yaml file : schema.yaml Loaded Successfully]
[2024-03-31 22:08:19,250 : INFO : common : Created directory at: artifacts]
[2024-03-31 22:08:19,250 : INFO : common : Created directory at: artifacts/data_ingestion]
[2024-03-31 22:08:20,736 : INFO : main : >>>>>> Stage Data Ingestion Stage completed <<<<<< 

 x==========x]
[2024-04-01 15:13:32,536 : INFO : main : >>>>>> Stage Data Ingestion Stage Started <<<<<<]
[2024-04-01 15:13:32,538 : INFO : common : Yaml file : config\config.yaml Loaded Successfully]
[2024-04-01 15:13:32,540 : INFO : common : Yaml file : params.yaml Loaded Successfully]
[2024-04-01 15:13:32,546 : INFO : common : Yaml file : schema.yaml Loaded Successfully]
[2024-04-01 15:13:32,547 : INFO : common : Created directory at: artifacts]
[2024-04-01 15:13:32,547 : INFO : common : Created directory at: artifacts/data_ingestion]
[2024-04-01 15:13:32,547 : INFO : data_ingestion : File Already exists of size~ 23 KB]
[2024-04-01 15:13:32,558 : INFO : main : >>>>>> Stage Data Ingestion Stage completed <<<<<< 

 x==========x]
[2024-04-01 15:14:18,932 : INFO : main : >>>>>> Stage Data Ingestion Stage Started <<<<<<]
[2024-04-01 15:14:18,934 : INFO : common : Yaml file : config\config.yaml Loaded Successfully]
[2024-04-01 15:14:18,935 : INFO : common : Yaml file : params.yaml Loaded Successfully]
[2024-04-01 15:14:18,936 : INFO : common : Yaml file : schema.yaml Loaded Successfully]
[2024-04-01 15:14:18,937 : INFO : common : Created directory at: artifacts]
[2024-04-01 15:14:18,937 : INFO : common : Created directory at: artifacts/data_ingestion]
[2024-04-01 15:14:18,937 : INFO : data_ingestion : File Already exists of size~ 23 KB]
[2024-04-01 15:14:18,939 : INFO : main : >>>>>> Stage Data Ingestion Stage completed <<<<<< 

 x==========x]
[2024-04-01 15:14:18,939 : INFO : main : >>>>>> Stage Data Ingestion Stage Started <<<<<<<]
[2024-04-01 15:14:18,940 : INFO : common : Yaml file : config\config.yaml Loaded Successfully]
[2024-04-01 15:14:18,941 : INFO : common : Yaml file : params.yaml Loaded Successfully]
[2024-04-01 15:14:18,943 : INFO : common : Yaml file : schema.yaml Loaded Successfully]
[2024-04-01 15:14:18,944 : INFO : common : Created directory at: artifacts]
[2024-04-01 15:14:18,944 : INFO : common : Created directory at: artifacts/data_validation]
[2024-04-01 15:14:18,958 : INFO : main : >>>>>> Stage Data Ingestion Stage Completed <<<<<<]
[2024-04-01 15:14:54,843 : INFO : main : >>>>>> Stage Data Ingestion Stage Started <<<<<<]
[2024-04-01 15:14:54,845 : INFO : common : Yaml file : config\config.yaml Loaded Successfully]
[2024-04-01 15:14:54,846 : INFO : common : Yaml file : params.yaml Loaded Successfully]
[2024-04-01 15:14:54,847 : INFO : common : Yaml file : schema.yaml Loaded Successfully]
[2024-04-01 15:14:54,848 : INFO : common : Created directory at: artifacts]
[2024-04-01 15:14:54,848 : INFO : common : Created directory at: artifacts/data_ingestion]
[2024-04-01 15:14:54,848 : INFO : data_ingestion : File Already exists of size~ 23 KB]
[2024-04-01 15:14:54,851 : INFO : main : >>>>>> Stage Data Ingestion Stage completed <<<<<< 

 x==========x]
[2024-04-01 15:14:54,851 : INFO : main : >>>>>> Stage Data Validation Stage Started <<<<<<<]
[2024-04-01 15:14:54,853 : INFO : common : Yaml file : config\config.yaml Loaded Successfully]
[2024-04-01 15:14:54,854 : INFO : common : Yaml file : params.yaml Loaded Successfully]
[2024-04-01 15:14:54,856 : INFO : common : Yaml file : schema.yaml Loaded Successfully]
[2024-04-01 15:14:54,857 : INFO : common : Created directory at: artifacts]
[2024-04-01 15:14:54,857 : INFO : common : Created directory at: artifacts/data_validation]
[2024-04-01 15:14:54,872 : INFO : main : >>>>>> Stage Data Validation Stage Completed <<<<<<]
[2024-04-01 15:17:35,454 : INFO : main : >>>>>> Stage Data Ingestion Stage Started <<<<<<]
[2024-04-01 15:17:35,455 : INFO : common : Yaml file : config\config.yaml Loaded Successfully]
[2024-04-01 15:17:35,456 : INFO : common : Yaml file : params.yaml Loaded Successfully]
[2024-04-01 15:17:35,458 : INFO : common : Yaml file : schema.yaml Loaded Successfully]
[2024-04-01 15:17:35,458 : INFO : common : Created directory at: artifacts]
[2024-04-01 15:17:35,459 : INFO : common : Created directory at: artifacts/data_ingestion]
[2024-04-01 15:17:35,459 : INFO : data_ingestion : File Already exists of size~ 23 KB]
[2024-04-01 15:17:35,461 : INFO : main : >>>>>> Stage Data Ingestion Stage completed <<<<<< 

 x==========x]
[2024-04-01 15:17:35,461 : INFO : main : >>>>>> Stage Data Validation Stage Started <<<<<<<]
[2024-04-01 15:17:35,463 : INFO : common : Yaml file : config\config.yaml Loaded Successfully]
[2024-04-01 15:17:35,463 : INFO : common : Yaml file : params.yaml Loaded Successfully]
[2024-04-01 15:17:35,464 : INFO : common : Yaml file : schema.yaml Loaded Successfully]
[2024-04-01 15:17:35,465 : INFO : common : Created directory at: artifacts]
[2024-04-01 15:17:35,465 : INFO : common : Created directory at: artifacts/data_validation]
[2024-04-01 15:17:35,477 : INFO : main : >>>>>> Stage Data Validation Stage Completed <<<<<<]
[2024-04-01 15:17:52,226 : INFO : main : >>>>>> Stage Data Ingestion Stage Started <<<<<<]
[2024-04-01 15:17:52,227 : INFO : common : Yaml file : config\config.yaml Loaded Successfully]
[2024-04-01 15:17:52,228 : INFO : common : Yaml file : params.yaml Loaded Successfully]
[2024-04-01 15:17:52,230 : INFO : common : Yaml file : schema.yaml Loaded Successfully]
[2024-04-01 15:17:52,231 : INFO : common : Created directory at: artifacts]
[2024-04-01 15:17:52,231 : INFO : common : Created directory at: artifacts/data_ingestion]
[2024-04-01 15:17:52,231 : INFO : data_ingestion : File Already exists of size~ 23 KB]
[2024-04-01 15:17:52,233 : INFO : main : >>>>>> Stage Data Ingestion Stage completed <<<<<< 

 x==========x]
[2024-04-01 15:17:52,233 : INFO : main : >>>>>> Stage Data Validation Stage Started <<<<<<<]
[2024-04-01 15:17:52,235 : INFO : common : Yaml file : config\config.yaml Loaded Successfully]
[2024-04-01 15:17:52,235 : INFO : common : Yaml file : params.yaml Loaded Successfully]
[2024-04-01 15:17:52,237 : INFO : common : Yaml file : schema.yaml Loaded Successfully]
[2024-04-01 15:17:52,237 : INFO : common : Created directory at: artifacts]
[2024-04-01 15:17:52,237 : INFO : common : Created directory at: artifacts/data_validation]
[2024-04-01 15:17:52,249 : INFO : main : >>>>>> Stage Data Validation Stage Completed <<<<<<]
[2024-04-01 15:18:16,667 : INFO : main : >>>>>> Stage Data Ingestion Stage Started <<<<<<]
[2024-04-01 15:18:16,669 : INFO : common : Yaml file : config\config.yaml Loaded Successfully]
[2024-04-01 15:18:16,670 : INFO : common : Yaml file : params.yaml Loaded Successfully]
[2024-04-01 15:18:16,672 : INFO : common : Yaml file : schema.yaml Loaded Successfully]
[2024-04-01 15:18:16,672 : INFO : common : Created directory at: artifacts]
[2024-04-01 15:18:16,673 : INFO : common : Created directory at: artifacts/data_ingestion]
[2024-04-01 15:18:16,673 : INFO : data_ingestion : File Already exists of size~ 23 KB]
[2024-04-01 15:18:16,675 : INFO : main : >>>>>> Stage Data Ingestion Stage completed <<<<<< 

 x==========x]
[2024-04-01 15:18:16,675 : INFO : main : >>>>>> Stage Data Validation Stage Started <<<<<<<]
[2024-04-01 15:18:16,676 : INFO : common : Yaml file : config\config.yaml Loaded Successfully]
[2024-04-01 15:18:16,677 : INFO : common : Yaml file : params.yaml Loaded Successfully]
[2024-04-01 15:18:16,679 : INFO : common : Yaml file : schema.yaml Loaded Successfully]
[2024-04-01 15:18:16,679 : INFO : common : Created directory at: artifacts]
[2024-04-01 15:18:16,680 : INFO : common : Created directory at: artifacts/data_validation]
[2024-04-01 15:18:16,691 : INFO : main : >>>>>> Stage Data Validation Stage Completed <<<<<<]
[2024-04-01 15:18:28,359 : INFO : main : >>>>>> Stage Data Ingestion Stage Started <<<<<<]
[2024-04-01 15:18:28,361 : INFO : common : Yaml file : config\config.yaml Loaded Successfully]
[2024-04-01 15:18:28,361 : INFO : common : Yaml file : params.yaml Loaded Successfully]
[2024-04-01 15:18:28,364 : INFO : common : Yaml file : schema.yaml Loaded Successfully]
[2024-04-01 15:18:28,364 : INFO : common : Created directory at: artifacts]
[2024-04-01 15:18:28,364 : INFO : common : Created directory at: artifacts/data_ingestion]
[2024-04-01 15:18:28,365 : INFO : data_ingestion : File Already exists of size~ 23 KB]
[2024-04-01 15:18:28,366 : INFO : main : >>>>>> Stage Data Ingestion Stage completed <<<<<< 

 x==========x]
[2024-04-01 15:18:28,367 : INFO : main : >>>>>> Stage Data Validation Stage Started <<<<<<<]
[2024-04-01 15:18:28,368 : INFO : common : Yaml file : config\config.yaml Loaded Successfully]
[2024-04-01 15:18:28,369 : INFO : common : Yaml file : params.yaml Loaded Successfully]
[2024-04-01 15:18:28,370 : INFO : common : Yaml file : schema.yaml Loaded Successfully]
[2024-04-01 15:18:28,371 : INFO : common : Created directory at: artifacts]
[2024-04-01 15:18:28,371 : INFO : common : Created directory at: artifacts/data_validation]
[2024-04-01 15:18:28,383 : INFO : main : >>>>>> Stage Data Validation Stage Completed <<<<<<]
[2024-04-01 16:28:43,097 : INFO : stage_03_data_transformation : >>>>>> Data Tranformation Stage Started <<<<<<]
[2024-04-01 16:30:29,544 : INFO : stage_03_data_transformation : >>>>>> Data Tranformation Stage Started <<<<<<]
[2024-04-01 16:30:29,551 : INFO : common : Yaml file : config\config.yaml Loaded Successfully]
[2024-04-01 16:30:29,551 : INFO : common : Yaml file : params.yaml Loaded Successfully]
[2024-04-01 16:30:29,553 : INFO : common : Yaml file : schema.yaml Loaded Successfully]
[2024-04-01 16:30:29,553 : INFO : common : Created directory at: artifacts]
[2024-04-01 16:30:29,554 : INFO : common : Created directory at: artifacts/data_transformation]
[2024-04-01 16:31:20,126 : INFO : stage_03_data_transformation : >>>>>> Data Tranformation Stage Started <<<<<<]
[2024-04-01 16:31:20,128 : INFO : common : Yaml file : config\config.yaml Loaded Successfully]
[2024-04-01 16:31:20,129 : INFO : common : Yaml file : params.yaml Loaded Successfully]
[2024-04-01 16:31:20,130 : INFO : common : Yaml file : schema.yaml Loaded Successfully]
[2024-04-01 16:31:20,131 : INFO : common : Created directory at: artifacts]
[2024-04-01 16:31:20,131 : INFO : common : Created directory at: artifacts/data_transformation]
[2024-04-01 16:31:28,598 : INFO : stage_03_data_transformation : >>>>>> Data Tranformation Stage Started <<<<<<]
[2024-04-01 16:31:28,600 : INFO : common : Yaml file : config\config.yaml Loaded Successfully]
[2024-04-01 16:31:28,600 : INFO : common : Yaml file : params.yaml Loaded Successfully]
[2024-04-01 16:31:28,602 : INFO : common : Yaml file : schema.yaml Loaded Successfully]
[2024-04-01 16:31:28,602 : INFO : common : Created directory at: artifacts]
[2024-04-01 16:31:28,602 : INFO : common : Created directory at: artifacts/data_transformation]
[2024-04-01 16:32:04,715 : INFO : stage_03_data_transformation : >>>>>> Data Tranformation Stage Started <<<<<<]
[2024-04-01 16:32:04,716 : INFO : common : Yaml file : config\config.yaml Loaded Successfully]
[2024-04-01 16:32:04,717 : INFO : common : Yaml file : params.yaml Loaded Successfully]
[2024-04-01 16:32:04,718 : INFO : common : Yaml file : schema.yaml Loaded Successfully]
[2024-04-01 16:32:04,719 : INFO : common : Created directory at: artifacts]
[2024-04-01 16:32:04,719 : INFO : common : Created directory at: artifacts/data_transformation]
[2024-04-01 16:33:17,501 : INFO : main : >>>>>> Stage Data Ingestion Stage Started <<<<<<]
[2024-04-01 16:33:17,502 : INFO : common : Yaml file : config\config.yaml Loaded Successfully]
[2024-04-01 16:33:17,503 : INFO : common : Yaml file : params.yaml Loaded Successfully]
[2024-04-01 16:33:17,504 : INFO : common : Yaml file : schema.yaml Loaded Successfully]
[2024-04-01 16:33:17,505 : INFO : common : Created directory at: artifacts]
[2024-04-01 16:33:17,505 : INFO : common : Created directory at: artifacts/data_ingestion]
[2024-04-01 16:33:18,621 : INFO : main : >>>>>> Stage Data Ingestion Stage completed <<<<<< 

 x==========x]
[2024-04-01 16:33:18,621 : INFO : main : >>>>>> Stage Data Validation Stage Started <<<<<<<]
[2024-04-01 16:33:18,623 : INFO : common : Yaml file : config\config.yaml Loaded Successfully]
[2024-04-01 16:33:18,623 : INFO : common : Yaml file : params.yaml Loaded Successfully]
[2024-04-01 16:33:18,625 : INFO : common : Yaml file : schema.yaml Loaded Successfully]
[2024-04-01 16:33:18,625 : INFO : common : Created directory at: artifacts]
[2024-04-01 16:33:18,626 : INFO : common : Created directory at: artifacts/data_validation]
[2024-04-01 16:33:18,637 : INFO : main : >>>>>> Stage Data Validation Stage Completed <<<<<<]
[2024-04-01 16:33:18,638 : INFO : main : >>>>>> Data Tranformation Stage Started <<<<<<]
[2024-04-01 16:33:18,639 : INFO : common : Yaml file : config\config.yaml Loaded Successfully]
[2024-04-01 16:33:18,640 : INFO : common : Yaml file : params.yaml Loaded Successfully]
[2024-04-01 16:33:18,641 : INFO : common : Yaml file : schema.yaml Loaded Successfully]
[2024-04-01 16:33:18,642 : INFO : common : Created directory at: artifacts]
[2024-04-01 16:33:18,642 : INFO : common : Created directory at: artifacts/data_transformation]
[2024-04-01 16:33:18,662 : INFO : data_transformation : Splited data into training and testing sets]
[2024-04-01 16:33:18,662 : INFO : data_transformation : (1199, 12)]
[2024-04-01 16:33:18,663 : INFO : data_transformation : (400, 12)]
[2024-04-01 16:33:18,663 : INFO : main : >>>>>> Data Tranformation Stage Completed <<<<<<]
[2024-04-01 16:33:45,793 : INFO : main : >>>>>> Stage Data Ingestion Stage Started <<<<<<]
[2024-04-01 16:33:45,795 : INFO : common : Yaml file : config\config.yaml Loaded Successfully]
[2024-04-01 16:33:45,795 : INFO : common : Yaml file : params.yaml Loaded Successfully]
[2024-04-01 16:33:45,797 : INFO : common : Yaml file : schema.yaml Loaded Successfully]
[2024-04-01 16:33:45,797 : INFO : common : Created directory at: artifacts]
[2024-04-01 16:33:45,797 : INFO : common : Created directory at: artifacts/data_ingestion]
[2024-04-01 16:33:45,797 : INFO : data_ingestion : File Already exists of size~ 23 KB]
[2024-04-01 16:33:45,799 : INFO : main : >>>>>> Stage Data Ingestion Stage completed <<<<<< 

 x==========x]
[2024-04-01 16:33:45,799 : INFO : main : >>>>>> Stage Data Validation Stage Started <<<<<<<]
[2024-04-01 16:33:45,801 : INFO : common : Yaml file : config\config.yaml Loaded Successfully]
[2024-04-01 16:33:45,801 : INFO : common : Yaml file : params.yaml Loaded Successfully]
[2024-04-01 16:33:45,803 : INFO : common : Yaml file : schema.yaml Loaded Successfully]
[2024-04-01 16:33:45,803 : INFO : common : Created directory at: artifacts]
[2024-04-01 16:33:45,803 : INFO : common : Created directory at: artifacts/data_validation]
[2024-04-01 16:33:45,815 : INFO : main : >>>>>> Stage Data Validation Stage Completed <<<<<< 

 x==========x]
[2024-04-01 16:33:45,815 : INFO : main : >>>>>> Data Tranformation Stage Started <<<<<<]
[2024-04-01 16:33:45,817 : INFO : common : Yaml file : config\config.yaml Loaded Successfully]
[2024-04-01 16:33:45,818 : INFO : common : Yaml file : params.yaml Loaded Successfully]
[2024-04-01 16:33:45,819 : INFO : common : Yaml file : schema.yaml Loaded Successfully]
[2024-04-01 16:33:45,820 : INFO : common : Created directory at: artifacts]
[2024-04-01 16:33:45,820 : INFO : common : Created directory at: artifacts/data_transformation]
[2024-04-01 16:33:45,834 : INFO : data_transformation : Splited data into training and testing sets]
[2024-04-01 16:33:45,834 : INFO : data_transformation : (1199, 12)]
[2024-04-01 16:33:45,834 : INFO : data_transformation : (400, 12)]
[2024-04-01 16:33:45,835 : INFO : main : >>>>>> Data Tranformation Stage Completed <<<<<< 

 x==========x]
[2024-04-01 16:45:37,932 : INFO : main : >>>>>> Stage Data Ingestion Stage Started <<<<<<]
[2024-04-01 16:45:37,934 : INFO : common : Yaml file : config\config.yaml Loaded Successfully]
[2024-04-01 16:45:37,935 : INFO : common : Yaml file : params.yaml Loaded Successfully]
[2024-04-01 16:45:37,936 : INFO : common : Yaml file : schema.yaml Loaded Successfully]
[2024-04-01 16:45:37,937 : INFO : common : Created directory at: artifacts]
[2024-04-01 16:45:37,937 : INFO : common : Created directory at: artifacts/data_ingestion]
[2024-04-01 16:45:37,937 : INFO : data_ingestion : File Already exists of size~ 23 KB]
[2024-04-01 16:45:37,939 : INFO : main : >>>>>> Stage Data Ingestion Stage completed <<<<<< 

 x==========x]
[2024-04-01 16:45:37,939 : INFO : main : >>>>>> Stage Data Validation Stage Started <<<<<<<]
[2024-04-01 16:45:37,941 : INFO : common : Yaml file : config\config.yaml Loaded Successfully]
[2024-04-01 16:45:37,941 : INFO : common : Yaml file : params.yaml Loaded Successfully]
[2024-04-01 16:45:37,943 : INFO : common : Yaml file : schema.yaml Loaded Successfully]
[2024-04-01 16:45:37,943 : INFO : common : Created directory at: artifacts]
[2024-04-01 16:45:37,943 : INFO : common : Created directory at: artifacts/data_validation]
[2024-04-01 16:45:37,955 : INFO : main : >>>>>> Stage Data Validation Stage Completed <<<<<< 

 x==========x]
[2024-04-01 16:45:37,956 : INFO : main : >>>>>> Data Tranformation Stage Started <<<<<<]
[2024-04-01 16:47:43,579 : INFO : main : >>>>>> Stage Data Ingestion Stage Started <<<<<<]
[2024-04-01 16:47:43,581 : INFO : common : Yaml file : config\config.yaml Loaded Successfully]
[2024-04-01 16:47:43,581 : INFO : common : Yaml file : params.yaml Loaded Successfully]
[2024-04-01 16:47:43,583 : INFO : common : Yaml file : schema.yaml Loaded Successfully]
[2024-04-01 16:47:43,583 : INFO : common : Created directory at: artifacts]
[2024-04-01 16:47:43,583 : INFO : common : Created directory at: artifacts/data_ingestion]
[2024-04-01 16:47:43,584 : INFO : data_ingestion : File Already exists of size~ 23 KB]
[2024-04-01 16:47:43,585 : INFO : main : >>>>>> Stage Data Ingestion Stage completed <<<<<< 

 x==========x]
[2024-04-01 16:47:43,586 : INFO : main : >>>>>> Stage Data Validation Stage Started <<<<<<<]
[2024-04-01 16:47:43,587 : INFO : common : Yaml file : config\config.yaml Loaded Successfully]
[2024-04-01 16:47:43,588 : INFO : common : Yaml file : params.yaml Loaded Successfully]
[2024-04-01 16:47:43,589 : INFO : common : Yaml file : schema.yaml Loaded Successfully]
[2024-04-01 16:47:43,590 : INFO : common : Created directory at: artifacts]
[2024-04-01 16:47:43,590 : INFO : common : Created directory at: artifacts/data_validation]
[2024-04-01 16:47:43,601 : INFO : main : >>>>>> Stage Data Validation Stage Completed <<<<<< 

 x==========x]
[2024-04-01 16:47:43,602 : INFO : main : >>>>>> Data Tranformation Stage Started <<<<<<]
[2024-04-01 16:48:14,923 : INFO : main : >>>>>> Stage Data Ingestion Stage Started <<<<<<]
[2024-04-01 16:48:14,925 : INFO : common : Yaml file : config\config.yaml Loaded Successfully]
[2024-04-01 16:48:14,925 : INFO : common : Yaml file : params.yaml Loaded Successfully]
[2024-04-01 16:48:14,927 : INFO : common : Yaml file : schema.yaml Loaded Successfully]
[2024-04-01 16:48:14,927 : INFO : common : Created directory at: artifacts]
[2024-04-01 16:48:14,927 : INFO : common : Created directory at: artifacts/data_ingestion]
[2024-04-01 16:48:14,928 : INFO : data_ingestion : File Already exists of size~ 23 KB]
[2024-04-01 16:48:14,930 : INFO : main : >>>>>> Stage Data Ingestion Stage completed <<<<<< 

 x==========x]
[2024-04-01 16:48:14,930 : INFO : main : >>>>>> Stage Data Validation Stage Started <<<<<<<]
[2024-04-01 16:48:14,933 : INFO : common : Yaml file : config\config.yaml Loaded Successfully]
[2024-04-01 16:48:14,933 : INFO : common : Yaml file : params.yaml Loaded Successfully]
[2024-04-01 16:48:14,935 : INFO : common : Yaml file : schema.yaml Loaded Successfully]
[2024-04-01 16:48:14,935 : INFO : common : Created directory at: artifacts]
[2024-04-01 16:48:14,935 : INFO : common : Created directory at: artifacts/data_validation]
[2024-04-01 16:48:14,947 : INFO : main : >>>>>> Stage Data Validation Stage Completed <<<<<< 

 x==========x]
[2024-04-01 16:48:14,948 : INFO : main : >>>>>> Data Tranformation Stage Started <<<<<<]
[2024-04-01 16:48:31,775 : INFO : main : >>>>>> Stage Data Ingestion Stage Started <<<<<<]
[2024-04-01 16:48:31,776 : INFO : common : Yaml file : config\config.yaml Loaded Successfully]
[2024-04-01 16:48:31,777 : INFO : common : Yaml file : params.yaml Loaded Successfully]
[2024-04-01 16:48:31,778 : INFO : common : Yaml file : schema.yaml Loaded Successfully]
[2024-04-01 16:48:31,779 : INFO : common : Created directory at: artifacts]
[2024-04-01 16:48:31,779 : INFO : common : Created directory at: artifacts/data_ingestion]
[2024-04-01 16:48:31,780 : INFO : data_ingestion : File Already exists of size~ 23 KB]
[2024-04-01 16:48:31,781 : INFO : main : >>>>>> Stage Data Ingestion Stage completed <<<<<< 

 x==========x]
[2024-04-01 16:48:31,782 : INFO : main : >>>>>> Stage Data Validation Stage Started <<<<<<<]
[2024-04-01 16:48:31,783 : INFO : common : Yaml file : config\config.yaml Loaded Successfully]
[2024-04-01 16:48:31,784 : INFO : common : Yaml file : params.yaml Loaded Successfully]
[2024-04-01 16:48:31,785 : INFO : common : Yaml file : schema.yaml Loaded Successfully]
[2024-04-01 16:48:31,786 : INFO : common : Created directory at: artifacts]
[2024-04-01 16:48:31,786 : INFO : common : Created directory at: artifacts/data_validation]
[2024-04-01 16:48:31,798 : INFO : main : >>>>>> Stage Data Validation Stage Completed <<<<<< 

 x==========x]
[2024-04-01 16:48:31,798 : INFO : main : >>>>>> Data Tranformation Stage Started <<<<<<]
[2024-04-01 16:48:43,300 : INFO : main : >>>>>> Stage Data Ingestion Stage Started <<<<<<]
[2024-04-01 16:48:43,302 : INFO : common : Yaml file : config\config.yaml Loaded Successfully]
[2024-04-01 16:48:43,303 : INFO : common : Yaml file : params.yaml Loaded Successfully]
[2024-04-01 16:48:43,304 : INFO : common : Yaml file : schema.yaml Loaded Successfully]
[2024-04-01 16:48:43,305 : INFO : common : Created directory at: artifacts]
[2024-04-01 16:48:43,305 : INFO : common : Created directory at: artifacts/data_ingestion]
[2024-04-01 16:48:43,305 : INFO : data_ingestion : File Already exists of size~ 23 KB]
[2024-04-01 16:48:43,307 : INFO : main : >>>>>> Stage Data Ingestion Stage completed <<<<<< 

 x==========x]
[2024-04-01 16:48:43,308 : INFO : main : >>>>>> Stage Data Validation Stage Started <<<<<<<]
[2024-04-01 16:48:43,309 : INFO : common : Yaml file : config\config.yaml Loaded Successfully]
[2024-04-01 16:48:43,310 : INFO : common : Yaml file : params.yaml Loaded Successfully]
[2024-04-01 16:48:43,312 : INFO : common : Yaml file : schema.yaml Loaded Successfully]
[2024-04-01 16:48:43,312 : INFO : common : Created directory at: artifacts]
[2024-04-01 16:48:43,312 : INFO : common : Created directory at: artifacts/data_validation]
[2024-04-01 16:48:43,324 : INFO : main : >>>>>> Stage Data Validation Stage Completed <<<<<< 

 x==========x]
[2024-04-01 16:48:43,324 : INFO : main : >>>>>> Data Tranformation Stage Started <<<<<<]
[2024-04-01 16:48:43,324 : INFO : stage_03_data_transformation : .]
[2024-04-01 16:49:00,930 : INFO : main : >>>>>> Stage Data Ingestion Stage Started <<<<<<]
[2024-04-01 16:49:00,932 : INFO : common : Yaml file : config\config.yaml Loaded Successfully]
[2024-04-01 16:49:00,932 : INFO : common : Yaml file : params.yaml Loaded Successfully]
[2024-04-01 16:49:00,934 : INFO : common : Yaml file : schema.yaml Loaded Successfully]
[2024-04-01 16:49:00,934 : INFO : common : Created directory at: artifacts]
[2024-04-01 16:49:00,935 : INFO : common : Created directory at: artifacts/data_ingestion]
[2024-04-01 16:49:00,935 : INFO : data_ingestion : File Already exists of size~ 23 KB]
[2024-04-01 16:49:00,937 : INFO : main : >>>>>> Stage Data Ingestion Stage completed <<<<<< 

 x==========x]
[2024-04-01 16:49:00,937 : INFO : main : >>>>>> Stage Data Validation Stage Started <<<<<<<]
[2024-04-01 16:49:00,940 : INFO : common : Yaml file : config\config.yaml Loaded Successfully]
[2024-04-01 16:49:00,940 : INFO : common : Yaml file : params.yaml Loaded Successfully]
[2024-04-01 16:49:00,942 : INFO : common : Yaml file : schema.yaml Loaded Successfully]
[2024-04-01 16:49:00,942 : INFO : common : Created directory at: artifacts]
[2024-04-01 16:49:00,943 : INFO : common : Created directory at: artifacts/data_validation]
[2024-04-01 16:49:00,954 : INFO : main : >>>>>> Stage Data Validation Stage Completed <<<<<< 

 x==========x]
[2024-04-01 16:49:00,954 : INFO : main : >>>>>> Data Tranformation Stage Started <<<<<<]
[2024-04-01 16:49:00,955 : INFO : stage_03_data_transformation : .]
[2024-04-02 16:53:18,704 : INFO : stage_03_data_transformation : >>>>>> Data Tranformation Stage Started <<<<<<]
[2024-04-02 16:53:18,705 : INFO : stage_03_data_transformation : .]
[2024-04-02 16:53:37,306 : INFO : stage_03_data_transformation : >>>>>> Data Tranformation Stage Started <<<<<<]
[2024-04-02 16:53:37,306 : INFO : stage_03_data_transformation : .]
[2024-04-02 16:53:37,316 : INFO : common : Yaml file : config\config.yaml Loaded Successfully]
[2024-04-02 16:53:37,325 : INFO : common : Yaml file : params.yaml Loaded Successfully]
[2024-04-02 16:53:37,327 : INFO : common : Yaml file : schema.yaml Loaded Successfully]
[2024-04-02 16:53:37,327 : INFO : common : Created directory at: artifacts]
[2024-04-02 16:53:37,327 : INFO : common : Created directory at: artifacts/data_transformation]
[2024-04-02 16:53:37,349 : INFO : data_transformation : Splited data into training and testing sets]
[2024-04-02 16:53:37,349 : INFO : data_transformation : (1199, 12)]
[2024-04-02 16:53:37,349 : INFO : data_transformation : (400, 12)]
[2024-04-02 16:53:37,350 : INFO : stage_03_data_transformation : >>>>>> Data Tranformation Stage Completed <<<<<<]
[2024-04-02 16:54:04,340 : INFO : main : >>>>>> Stage Data Ingestion Stage Started <<<<<<]
[2024-04-02 16:54:04,342 : INFO : common : Yaml file : config\config.yaml Loaded Successfully]
[2024-04-02 16:54:04,342 : INFO : common : Yaml file : params.yaml Loaded Successfully]
[2024-04-02 16:54:04,344 : INFO : common : Yaml file : schema.yaml Loaded Successfully]
[2024-04-02 16:54:04,344 : INFO : common : Created directory at: artifacts]
[2024-04-02 16:54:04,344 : INFO : common : Created directory at: artifacts/data_ingestion]
[2024-04-02 16:54:04,344 : INFO : data_ingestion : File Already exists of size~ 23 KB]
[2024-04-02 16:54:04,360 : INFO : main : >>>>>> Stage Data Ingestion Stage completed <<<<<< 

 x==========x]
[2024-04-02 16:54:04,361 : INFO : main : >>>>>> Stage Data Validation Stage Started <<<<<<<]
[2024-04-02 16:54:04,362 : INFO : common : Yaml file : config\config.yaml Loaded Successfully]
[2024-04-02 16:54:04,363 : INFO : common : Yaml file : params.yaml Loaded Successfully]
[2024-04-02 16:54:04,365 : INFO : common : Yaml file : schema.yaml Loaded Successfully]
[2024-04-02 16:54:04,365 : INFO : common : Created directory at: artifacts]
[2024-04-02 16:54:04,365 : INFO : common : Created directory at: artifacts/data_validation]
[2024-04-02 16:54:04,377 : INFO : main : >>>>>> Stage Data Validation Stage Completed <<<<<< 

 x==========x]
[2024-04-02 16:54:04,377 : INFO : main : >>>>>> Data Tranformation Stage Started <<<<<<]
[2024-04-02 16:54:04,377 : INFO : stage_03_data_transformation : .]
[2024-04-02 16:54:04,380 : INFO : common : Yaml file : config\config.yaml Loaded Successfully]
[2024-04-02 16:54:04,381 : INFO : common : Yaml file : params.yaml Loaded Successfully]
[2024-04-02 16:54:04,382 : INFO : common : Yaml file : schema.yaml Loaded Successfully]
[2024-04-02 16:54:04,383 : INFO : common : Created directory at: artifacts]
[2024-04-02 16:54:04,383 : INFO : common : Created directory at: artifacts/data_transformation]
[2024-04-02 16:54:04,397 : INFO : data_transformation : Splited data into training and testing sets]
[2024-04-02 16:54:04,398 : INFO : data_transformation : (1199, 12)]
[2024-04-02 16:54:04,398 : INFO : data_transformation : (400, 12)]
[2024-04-02 16:54:04,398 : INFO : main : >>>>>> Data Tranformation Stage Completed <<<<<< 

 x==========x]
[2024-04-03 02:04:13,595 : INFO : main : >>>>>> Stage Data Ingestion Stage Started <<<<<<]
[2024-04-03 02:04:13,602 : INFO : common : Yaml file : config\config.yaml Loaded Successfully]
[2024-04-03 02:04:13,609 : INFO : common : Yaml file : params.yaml Loaded Successfully]
[2024-04-03 02:04:13,614 : INFO : common : Yaml file : schema.yaml Loaded Successfully]
[2024-04-03 02:04:13,614 : INFO : common : Created directory at: artifacts]
[2024-04-03 02:04:13,614 : INFO : common : Created directory at: artifacts/data_ingestion]
[2024-04-03 02:04:13,615 : INFO : data_ingestion : File Already exists of size~ 23 KB]
[2024-04-03 02:04:13,624 : INFO : main : >>>>>> Stage Data Ingestion Stage completed <<<<<< 

 x==========x]
[2024-04-03 02:04:13,624 : INFO : main : >>>>>> Stage Data Validation Stage Started <<<<<<<]
[2024-04-03 02:04:13,626 : INFO : common : Yaml file : config\config.yaml Loaded Successfully]
[2024-04-03 02:04:13,627 : INFO : common : Yaml file : params.yaml Loaded Successfully]
[2024-04-03 02:04:13,628 : INFO : common : Yaml file : schema.yaml Loaded Successfully]
[2024-04-03 02:04:13,629 : INFO : common : Created directory at: artifacts]
[2024-04-03 02:04:13,629 : INFO : common : Created directory at: artifacts/data_validation]
[2024-04-03 02:04:13,645 : INFO : main : >>>>>> Stage Data Validation Stage Completed <<<<<< 

 x==========x]
[2024-04-03 02:04:13,646 : INFO : main : >>>>>> Data Tranformation Stage Started <<<<<<]
[2024-04-03 02:04:13,646 : INFO : stage_03_data_transformation : .]
[2024-04-03 02:04:13,652 : INFO : common : Yaml file : config\config.yaml Loaded Successfully]
[2024-04-03 02:04:13,653 : INFO : common : Yaml file : params.yaml Loaded Successfully]
[2024-04-03 02:04:13,655 : INFO : common : Yaml file : schema.yaml Loaded Successfully]
[2024-04-03 02:04:13,655 : INFO : common : Created directory at: artifacts]
[2024-04-03 02:04:13,656 : INFO : common : Created directory at: artifacts/data_transformation]
[2024-04-03 02:04:13,676 : INFO : data_transformation : Splited data into training and testing sets]
[2024-04-03 02:04:13,676 : INFO : data_transformation : (1199, 12)]
[2024-04-03 02:04:13,677 : INFO : data_transformation : (400, 12)]
[2024-04-03 02:04:13,677 : INFO : main : >>>>>> Data Tranformation Stage Completed <<<<<< 

 x==========x]
[2024-04-03 02:04:13,677 : INFO : main : >>>>>> Model Trainer Stage Started <<<<<<]
[2024-04-03 02:04:13,679 : INFO : common : Yaml file : config\config.yaml Loaded Successfully]
[2024-04-03 02:04:13,680 : INFO : common : Yaml file : params.yaml Loaded Successfully]
[2024-04-03 02:04:13,681 : INFO : common : Yaml file : schema.yaml Loaded Successfully]
[2024-04-03 02:04:13,682 : INFO : common : Created directory at: artifacts]
[2024-04-03 02:04:13,682 : INFO : common : Created directory at: artifacts/model_trainer]
[2024-04-03 02:04:35,471 : INFO : main : >>>>>> Stage Data Ingestion Stage Started <<<<<<]
[2024-04-03 02:04:35,474 : INFO : common : Yaml file : config\config.yaml Loaded Successfully]
[2024-04-03 02:04:35,475 : INFO : common : Yaml file : params.yaml Loaded Successfully]
[2024-04-03 02:04:35,477 : INFO : common : Yaml file : schema.yaml Loaded Successfully]
[2024-04-03 02:04:35,477 : INFO : common : Created directory at: artifacts]
[2024-04-03 02:04:35,478 : INFO : common : Created directory at: artifacts/data_ingestion]
[2024-04-03 02:04:35,478 : INFO : data_ingestion : File Already exists of size~ 23 KB]
[2024-04-03 02:04:35,480 : INFO : main : >>>>>> Stage Data Ingestion Stage completed <<<<<< 

 x==========x]
[2024-04-03 02:04:35,480 : INFO : main : >>>>>> Stage Data Validation Stage Started <<<<<<<]
[2024-04-03 02:04:35,482 : INFO : common : Yaml file : config\config.yaml Loaded Successfully]
[2024-04-03 02:04:35,483 : INFO : common : Yaml file : params.yaml Loaded Successfully]
[2024-04-03 02:04:35,485 : INFO : common : Yaml file : schema.yaml Loaded Successfully]
[2024-04-03 02:04:35,485 : INFO : common : Created directory at: artifacts]
[2024-04-03 02:04:35,485 : INFO : common : Created directory at: artifacts/data_validation]
[2024-04-03 02:04:35,496 : INFO : main : >>>>>> Stage Data Validation Stage Completed <<<<<< 

 x==========x]
[2024-04-03 02:04:35,496 : INFO : main : >>>>>> Data Tranformation Stage Started <<<<<<]
[2024-04-03 02:04:35,497 : INFO : stage_03_data_transformation : .]
[2024-04-03 02:04:35,499 : INFO : common : Yaml file : config\config.yaml Loaded Successfully]
[2024-04-03 02:04:35,500 : INFO : common : Yaml file : params.yaml Loaded Successfully]
[2024-04-03 02:04:35,501 : INFO : common : Yaml file : schema.yaml Loaded Successfully]
[2024-04-03 02:04:35,502 : INFO : common : Created directory at: artifacts]
[2024-04-03 02:04:35,502 : INFO : common : Created directory at: artifacts/data_transformation]
[2024-04-03 02:04:35,516 : INFO : data_transformation : Splited data into training and testing sets]
[2024-04-03 02:04:35,517 : INFO : data_transformation : (1199, 12)]
[2024-04-03 02:04:35,517 : INFO : data_transformation : (400, 12)]
[2024-04-03 02:04:35,517 : INFO : main : >>>>>> Data Tranformation Stage Completed <<<<<< 

 x==========x]
[2024-04-03 02:04:35,518 : INFO : main : >>>>>> Model Trainer Stage Started <<<<<<]
[2024-04-03 02:04:35,520 : INFO : common : Yaml file : config\config.yaml Loaded Successfully]
[2024-04-03 02:04:35,520 : INFO : common : Yaml file : params.yaml Loaded Successfully]
[2024-04-03 02:04:35,522 : INFO : common : Yaml file : schema.yaml Loaded Successfully]
[2024-04-03 02:04:35,522 : INFO : common : Created directory at: artifacts]
[2024-04-03 02:04:35,523 : INFO : common : Created directory at: artifacts/model_trainer]
[2024-04-03 02:05:29,158 : INFO : main : >>>>>> Stage Data Ingestion Stage Started <<<<<<]
[2024-04-03 02:05:29,160 : INFO : common : Yaml file : config\config.yaml Loaded Successfully]
[2024-04-03 02:05:29,161 : INFO : common : Yaml file : params.yaml Loaded Successfully]
[2024-04-03 02:05:29,162 : INFO : common : Yaml file : schema.yaml Loaded Successfully]
[2024-04-03 02:05:29,162 : INFO : common : Created directory at: artifacts]
[2024-04-03 02:05:29,163 : INFO : common : Created directory at: artifacts/data_ingestion]
[2024-04-03 02:05:29,163 : INFO : data_ingestion : File Already exists of size~ 23 KB]
[2024-04-03 02:05:29,165 : INFO : main : >>>>>> Stage Data Ingestion Stage completed <<<<<< 

 x==========x]
[2024-04-03 02:05:29,165 : INFO : main : >>>>>> Stage Data Validation Stage Started <<<<<<<]
[2024-04-03 02:05:29,167 : INFO : common : Yaml file : config\config.yaml Loaded Successfully]
[2024-04-03 02:05:29,168 : INFO : common : Yaml file : params.yaml Loaded Successfully]
[2024-04-03 02:05:29,170 : INFO : common : Yaml file : schema.yaml Loaded Successfully]
[2024-04-03 02:05:29,170 : INFO : common : Created directory at: artifacts]
[2024-04-03 02:05:29,170 : INFO : common : Created directory at: artifacts/data_validation]
[2024-04-03 02:05:29,182 : INFO : main : >>>>>> Stage Data Validation Stage Completed <<<<<< 

 x==========x]
[2024-04-03 02:05:29,182 : INFO : main : >>>>>> Data Tranformation Stage Started <<<<<<]
[2024-04-03 02:05:29,182 : INFO : stage_03_data_transformation : .]
[2024-04-03 02:05:29,186 : INFO : common : Yaml file : config\config.yaml Loaded Successfully]
[2024-04-03 02:05:29,186 : INFO : common : Yaml file : params.yaml Loaded Successfully]
[2024-04-03 02:05:29,188 : INFO : common : Yaml file : schema.yaml Loaded Successfully]
[2024-04-03 02:05:29,188 : INFO : common : Created directory at: artifacts]
[2024-04-03 02:05:29,188 : INFO : common : Created directory at: artifacts/data_transformation]
[2024-04-03 02:05:29,203 : INFO : data_transformation : Splited data into training and testing sets]
[2024-04-03 02:05:29,203 : INFO : data_transformation : (1199, 12)]
[2024-04-03 02:05:29,204 : INFO : data_transformation : (400, 12)]
[2024-04-03 02:05:29,204 : INFO : main : >>>>>> Data Tranformation Stage Completed <<<<<< 

 x==========x]
[2024-04-03 02:05:29,204 : INFO : main : >>>>>> Model Trainer Stage Started <<<<<<]
[2024-04-03 02:05:29,207 : INFO : common : Yaml file : config\config.yaml Loaded Successfully]
[2024-04-03 02:05:29,208 : INFO : common : Yaml file : params.yaml Loaded Successfully]
[2024-04-03 02:05:29,209 : INFO : common : Yaml file : schema.yaml Loaded Successfully]
[2024-04-03 02:05:29,210 : INFO : common : Created directory at: artifacts]
[2024-04-03 02:05:29,210 : INFO : common : Created directory at: artifacts/model_trainer]
[2024-04-03 02:05:29,239 : INFO : main : >>>>>> Model Trainer Stage Completed <<<<<<]
[2024-04-03 17:45:58,503 : INFO : main : >>>>>> Stage Data Ingestion Stage Started <<<<<<]
[2024-04-03 17:45:58,510 : INFO : common : Yaml file : config\config.yaml Loaded Successfully]
[2024-04-03 17:45:58,512 : INFO : common : Yaml file : params.yaml Loaded Successfully]
[2024-04-03 17:45:58,513 : INFO : common : Yaml file : schema.yaml Loaded Successfully]
[2024-04-03 17:45:58,513 : INFO : common : Created directory at: artifacts]
[2024-04-03 17:45:58,514 : INFO : common : Created directory at: artifacts/data_ingestion]
[2024-04-03 17:45:58,514 : INFO : data_ingestion : File Already exists of size~ 23 KB]
[2024-04-03 17:45:58,523 : INFO : main : >>>>>> Stage Data Ingestion Stage completed <<<<<< 

 x==========x]
[2024-04-03 17:45:58,524 : INFO : main : >>>>>> Stage Data Validation Stage Started <<<<<<<]
[2024-04-03 17:45:58,526 : INFO : common : Yaml file : config\config.yaml Loaded Successfully]
[2024-04-03 17:45:58,527 : INFO : common : Yaml file : params.yaml Loaded Successfully]
[2024-04-03 17:45:58,528 : INFO : common : Yaml file : schema.yaml Loaded Successfully]
[2024-04-03 17:45:58,529 : INFO : common : Created directory at: artifacts]
[2024-04-03 17:45:58,529 : INFO : common : Created directory at: artifacts/data_validation]
[2024-04-03 17:45:58,543 : INFO : main : >>>>>> Stage Data Validation Stage Completed <<<<<< 

 x==========x]
[2024-04-03 17:45:58,543 : INFO : main : >>>>>> Data Tranformation Stage Started <<<<<<]
[2024-04-03 17:45:58,544 : INFO : stage_03_data_transformation : .]
[2024-04-03 17:45:58,551 : INFO : common : Yaml file : config\config.yaml Loaded Successfully]
[2024-04-03 17:45:58,552 : INFO : common : Yaml file : params.yaml Loaded Successfully]
[2024-04-03 17:45:58,553 : INFO : common : Yaml file : schema.yaml Loaded Successfully]
[2024-04-03 17:45:58,554 : INFO : common : Created directory at: artifacts]
[2024-04-03 17:45:58,554 : INFO : common : Created directory at: artifacts/data_transformation]
[2024-04-03 17:45:58,572 : INFO : data_transformation : Splited data into training and testing sets]
[2024-04-03 17:45:58,572 : INFO : data_transformation : (1199, 12)]
[2024-04-03 17:45:58,572 : INFO : data_transformation : (400, 12)]
[2024-04-03 17:45:58,573 : INFO : main : >>>>>> Data Tranformation Stage Completed <<<<<< 

 x==========x]
[2024-04-03 17:45:58,573 : INFO : main : >>>>>> Model Trainer Stage Started <<<<<<]
[2024-04-03 17:45:58,575 : INFO : common : Yaml file : config\config.yaml Loaded Successfully]
[2024-04-03 17:45:58,576 : INFO : common : Yaml file : params.yaml Loaded Successfully]
[2024-04-03 17:45:58,577 : INFO : common : Yaml file : schema.yaml Loaded Successfully]
[2024-04-03 17:45:58,578 : INFO : common : Created directory at: artifacts]
[2024-04-03 17:45:58,578 : INFO : common : Created directory at: artifacts/model_trainer]
[2024-04-03 17:45:58,602 : INFO : main : >>>>>> Model Trainer Stage Completed <<<<<<]
[2024-04-03 17:45:58,603 : INFO : main : >>>>>> Model Evaluation Stage Started <<<<<<]
[2024-04-03 17:45:58,605 : INFO : common : Yaml file : config\config.yaml Loaded Successfully]
[2024-04-03 17:45:58,606 : INFO : common : Yaml file : params.yaml Loaded Successfully]
[2024-04-03 17:45:58,607 : INFO : common : Yaml file : schema.yaml Loaded Successfully]
[2024-04-03 17:45:58,608 : INFO : common : Created directory at: artifacts]
[2024-04-03 17:46:32,627 : INFO : main : >>>>>> Stage Data Ingestion Stage Started <<<<<<]
[2024-04-03 17:46:32,630 : INFO : common : Yaml file : config\config.yaml Loaded Successfully]
[2024-04-03 17:46:32,631 : INFO : common : Yaml file : params.yaml Loaded Successfully]
[2024-04-03 17:46:32,632 : INFO : common : Yaml file : schema.yaml Loaded Successfully]
[2024-04-03 17:46:32,633 : INFO : common : Created directory at: artifacts]
[2024-04-03 17:46:32,633 : INFO : common : Created directory at: artifacts/data_ingestion]
[2024-04-03 17:46:32,634 : INFO : data_ingestion : File Already exists of size~ 23 KB]
[2024-04-03 17:46:32,636 : INFO : main : >>>>>> Stage Data Ingestion Stage completed <<<<<< 

 x==========x]
[2024-04-03 17:46:32,636 : INFO : main : >>>>>> Stage Data Validation Stage Started <<<<<<<]
[2024-04-03 17:46:32,639 : INFO : common : Yaml file : config\config.yaml Loaded Successfully]
[2024-04-03 17:46:32,640 : INFO : common : Yaml file : params.yaml Loaded Successfully]
[2024-04-03 17:46:32,642 : INFO : common : Yaml file : schema.yaml Loaded Successfully]
[2024-04-03 17:46:32,643 : INFO : common : Created directory at: artifacts]
[2024-04-03 17:46:32,643 : INFO : common : Created directory at: artifacts/data_validation]
[2024-04-03 17:46:32,655 : INFO : main : >>>>>> Stage Data Validation Stage Completed <<<<<< 

 x==========x]
[2024-04-03 17:46:32,656 : INFO : main : >>>>>> Data Tranformation Stage Started <<<<<<]
[2024-04-03 17:46:32,656 : INFO : stage_03_data_transformation : .]
[2024-04-03 17:46:32,659 : INFO : common : Yaml file : config\config.yaml Loaded Successfully]
[2024-04-03 17:46:32,660 : INFO : common : Yaml file : params.yaml Loaded Successfully]
[2024-04-03 17:46:32,661 : INFO : common : Yaml file : schema.yaml Loaded Successfully]
[2024-04-03 17:46:32,662 : INFO : common : Created directory at: artifacts]
[2024-04-03 17:46:32,662 : INFO : common : Created directory at: artifacts/data_transformation]
[2024-04-03 17:46:32,675 : INFO : data_transformation : Splited data into training and testing sets]
[2024-04-03 17:46:32,676 : INFO : data_transformation : (1199, 12)]
[2024-04-03 17:46:32,676 : INFO : data_transformation : (400, 12)]
[2024-04-03 17:46:32,676 : INFO : main : >>>>>> Data Tranformation Stage Completed <<<<<< 

 x==========x]
[2024-04-03 17:46:32,677 : INFO : main : >>>>>> Model Trainer Stage Started <<<<<<]
[2024-04-03 17:46:32,679 : INFO : common : Yaml file : config\config.yaml Loaded Successfully]
[2024-04-03 17:46:32,680 : INFO : common : Yaml file : params.yaml Loaded Successfully]
[2024-04-03 17:46:32,681 : INFO : common : Yaml file : schema.yaml Loaded Successfully]
[2024-04-03 17:46:32,682 : INFO : common : Created directory at: artifacts]
[2024-04-03 17:46:32,682 : INFO : common : Created directory at: artifacts/model_trainer]
[2024-04-03 17:46:32,704 : INFO : main : >>>>>> Model Trainer Stage Completed <<<<<<]
[2024-04-03 17:46:32,705 : INFO : main : >>>>>> Model Evaluation Stage Started <<<<<<]
[2024-04-03 17:46:32,707 : INFO : common : Yaml file : config\config.yaml Loaded Successfully]
[2024-04-03 17:46:32,708 : INFO : common : Yaml file : params.yaml Loaded Successfully]
[2024-04-03 17:46:32,709 : INFO : common : Yaml file : schema.yaml Loaded Successfully]
[2024-04-03 17:46:32,710 : INFO : common : Created directory at: artifacts]
[2024-04-03 17:46:32,710 : INFO : common : Created directory at: artifacts/model_evaluation]
[2024-04-03 17:47:04,563 : INFO : main : >>>>>> Stage Data Ingestion Stage Started <<<<<<]
[2024-04-03 17:47:04,566 : INFO : common : Yaml file : config\config.yaml Loaded Successfully]
[2024-04-03 17:47:04,567 : INFO : common : Yaml file : params.yaml Loaded Successfully]
[2024-04-03 17:47:04,568 : INFO : common : Yaml file : schema.yaml Loaded Successfully]
[2024-04-03 17:47:04,569 : INFO : common : Created directory at: artifacts]
[2024-04-03 17:47:04,569 : INFO : common : Created directory at: artifacts/data_ingestion]
[2024-04-03 17:47:04,569 : INFO : data_ingestion : File Already exists of size~ 23 KB]
[2024-04-03 17:47:04,571 : INFO : main : >>>>>> Stage Data Ingestion Stage completed <<<<<< 

 x==========x]
[2024-04-03 17:47:04,571 : INFO : main : >>>>>> Stage Data Validation Stage Started <<<<<<<]
[2024-04-03 17:47:04,574 : INFO : common : Yaml file : config\config.yaml Loaded Successfully]
[2024-04-03 17:47:04,575 : INFO : common : Yaml file : params.yaml Loaded Successfully]
[2024-04-03 17:47:04,576 : INFO : common : Yaml file : schema.yaml Loaded Successfully]
[2024-04-03 17:47:04,577 : INFO : common : Created directory at: artifacts]
[2024-04-03 17:47:04,577 : INFO : common : Created directory at: artifacts/data_validation]
[2024-04-03 17:47:04,588 : INFO : main : >>>>>> Stage Data Validation Stage Completed <<<<<< 

 x==========x]
[2024-04-03 17:47:04,588 : INFO : main : >>>>>> Data Tranformation Stage Started <<<<<<]
[2024-04-03 17:47:04,588 : INFO : stage_03_data_transformation : .]
[2024-04-03 17:47:04,592 : INFO : common : Yaml file : config\config.yaml Loaded Successfully]
[2024-04-03 17:47:04,593 : INFO : common : Yaml file : params.yaml Loaded Successfully]
[2024-04-03 17:47:04,594 : INFO : common : Yaml file : schema.yaml Loaded Successfully]
[2024-04-03 17:47:04,595 : INFO : common : Created directory at: artifacts]
[2024-04-03 17:47:04,595 : INFO : common : Created directory at: artifacts/data_transformation]
[2024-04-03 17:47:04,609 : INFO : data_transformation : Splited data into training and testing sets]
[2024-04-03 17:47:04,609 : INFO : data_transformation : (1199, 12)]
[2024-04-03 17:47:04,609 : INFO : data_transformation : (400, 12)]
[2024-04-03 17:47:04,610 : INFO : main : >>>>>> Data Tranformation Stage Completed <<<<<< 

 x==========x]
[2024-04-03 17:47:04,610 : INFO : main : >>>>>> Model Trainer Stage Started <<<<<<]
[2024-04-03 17:47:04,612 : INFO : common : Yaml file : config\config.yaml Loaded Successfully]
[2024-04-03 17:47:04,613 : INFO : common : Yaml file : params.yaml Loaded Successfully]
[2024-04-03 17:47:04,615 : INFO : common : Yaml file : schema.yaml Loaded Successfully]
[2024-04-03 17:47:04,615 : INFO : common : Created directory at: artifacts]
[2024-04-03 17:47:04,616 : INFO : common : Created directory at: artifacts/model_trainer]
[2024-04-03 17:47:04,635 : INFO : main : >>>>>> Model Trainer Stage Completed <<<<<< 

 x==========x]
[2024-04-03 17:47:04,636 : INFO : main : >>>>>> Model Evaluation Stage Started <<<<<<]
[2024-04-03 17:47:04,638 : INFO : common : Yaml file : config\config.yaml Loaded Successfully]
[2024-04-03 17:47:04,639 : INFO : common : Yaml file : params.yaml Loaded Successfully]
[2024-04-03 17:47:04,640 : INFO : common : Yaml file : schema.yaml Loaded Successfully]
[2024-04-03 17:47:04,641 : INFO : common : Created directory at: artifacts]
[2024-04-03 17:47:04,641 : INFO : common : Created directory at: artifacts/model_evaluation]
[2024-04-03 17:48:12,358 : INFO : main : >>>>>> Stage Data Ingestion Stage Started <<<<<<]
[2024-04-03 17:48:12,361 : INFO : common : Yaml file : config\config.yaml Loaded Successfully]
[2024-04-03 17:48:12,362 : INFO : common : Yaml file : params.yaml Loaded Successfully]
[2024-04-03 17:48:12,363 : INFO : common : Yaml file : schema.yaml Loaded Successfully]
[2024-04-03 17:48:12,364 : INFO : common : Created directory at: artifacts]
[2024-04-03 17:48:12,364 : INFO : common : Created directory at: artifacts/data_ingestion]
[2024-04-03 17:48:12,365 : INFO : data_ingestion : File Already exists of size~ 23 KB]
[2024-04-03 17:48:12,367 : INFO : main : >>>>>> Stage Data Ingestion Stage completed <<<<<< 

 x==========x]
[2024-04-03 17:48:12,367 : INFO : main : >>>>>> Stage Data Validation Stage Started <<<<<<<]
[2024-04-03 17:48:12,370 : INFO : common : Yaml file : config\config.yaml Loaded Successfully]
[2024-04-03 17:48:12,371 : INFO : common : Yaml file : params.yaml Loaded Successfully]
[2024-04-03 17:48:12,372 : INFO : common : Yaml file : schema.yaml Loaded Successfully]
[2024-04-03 17:48:12,373 : INFO : common : Created directory at: artifacts]
[2024-04-03 17:48:12,373 : INFO : common : Created directory at: artifacts/data_validation]
[2024-04-03 17:48:12,385 : INFO : main : >>>>>> Stage Data Validation Stage Completed <<<<<< 

 x==========x]
[2024-04-03 17:48:12,386 : INFO : main : >>>>>> Data Tranformation Stage Started <<<<<<]
[2024-04-03 17:48:12,386 : INFO : stage_03_data_transformation : .]
[2024-04-03 17:48:12,389 : INFO : common : Yaml file : config\config.yaml Loaded Successfully]
[2024-04-03 17:48:12,390 : INFO : common : Yaml file : params.yaml Loaded Successfully]
[2024-04-03 17:48:12,392 : INFO : common : Yaml file : schema.yaml Loaded Successfully]
[2024-04-03 17:48:12,392 : INFO : common : Created directory at: artifacts]
[2024-04-03 17:48:12,392 : INFO : common : Created directory at: artifacts/data_transformation]
[2024-04-03 17:48:12,407 : INFO : data_transformation : Splited data into training and testing sets]
[2024-04-03 17:48:12,407 : INFO : data_transformation : (1199, 12)]
[2024-04-03 17:48:12,407 : INFO : data_transformation : (400, 12)]
[2024-04-03 17:48:12,408 : INFO : main : >>>>>> Data Tranformation Stage Completed <<<<<< 

 x==========x]
[2024-04-03 17:48:12,408 : INFO : main : >>>>>> Model Trainer Stage Started <<<<<<]
[2024-04-03 17:48:12,410 : INFO : common : Yaml file : config\config.yaml Loaded Successfully]
[2024-04-03 17:48:12,411 : INFO : common : Yaml file : params.yaml Loaded Successfully]
[2024-04-03 17:48:12,413 : INFO : common : Yaml file : schema.yaml Loaded Successfully]
[2024-04-03 17:48:12,413 : INFO : common : Created directory at: artifacts]
[2024-04-03 17:48:12,413 : INFO : common : Created directory at: artifacts/model_trainer]
[2024-04-03 17:48:12,441 : INFO : main : >>>>>> Model Trainer Stage Completed <<<<<< 

 x==========x]
[2024-04-03 17:48:12,441 : INFO : main : >>>>>> Model Evaluation Stage Started <<<<<<]
[2024-04-03 17:48:12,444 : INFO : common : Yaml file : config\config.yaml Loaded Successfully]
[2024-04-03 17:48:12,444 : INFO : common : Yaml file : params.yaml Loaded Successfully]
[2024-04-03 17:48:12,446 : INFO : common : Yaml file : schema.yaml Loaded Successfully]
[2024-04-03 17:48:12,446 : INFO : common : Created directory at: artifacts]
[2024-04-03 17:48:12,447 : INFO : common : Created directory at: artifacts/model_evaluation]
[2024-04-03 17:49:24,670 : INFO : main : >>>>>> Stage Data Ingestion Stage Started <<<<<<]
[2024-04-03 17:49:24,673 : INFO : common : Yaml file : config\config.yaml Loaded Successfully]
[2024-04-03 17:49:24,674 : INFO : common : Yaml file : params.yaml Loaded Successfully]
[2024-04-03 17:49:24,675 : INFO : common : Yaml file : schema.yaml Loaded Successfully]
[2024-04-03 17:49:24,675 : INFO : common : Created directory at: artifacts]
[2024-04-03 17:49:24,676 : INFO : common : Created directory at: artifacts/data_ingestion]
[2024-04-03 17:49:24,676 : INFO : data_ingestion : File Already exists of size~ 23 KB]
[2024-04-03 17:49:24,678 : INFO : main : >>>>>> Stage Data Ingestion Stage completed <<<<<< 

 x==========x]
[2024-04-03 17:49:24,678 : INFO : main : >>>>>> Stage Data Validation Stage Started <<<<<<<]
[2024-04-03 17:49:24,681 : INFO : common : Yaml file : config\config.yaml Loaded Successfully]
[2024-04-03 17:49:24,682 : INFO : common : Yaml file : params.yaml Loaded Successfully]
[2024-04-03 17:49:24,683 : INFO : common : Yaml file : schema.yaml Loaded Successfully]
[2024-04-03 17:49:24,684 : INFO : common : Created directory at: artifacts]
[2024-04-03 17:49:24,684 : INFO : common : Created directory at: artifacts/data_validation]
[2024-04-03 17:49:24,696 : INFO : main : >>>>>> Stage Data Validation Stage Completed <<<<<< 

 x==========x]
[2024-04-03 17:49:24,696 : INFO : main : >>>>>> Data Tranformation Stage Started <<<<<<]
[2024-04-03 17:49:24,696 : INFO : stage_03_data_transformation : .]
[2024-04-03 17:49:24,700 : INFO : common : Yaml file : config\config.yaml Loaded Successfully]
[2024-04-03 17:49:24,701 : INFO : common : Yaml file : params.yaml Loaded Successfully]
[2024-04-03 17:49:24,703 : INFO : common : Yaml file : schema.yaml Loaded Successfully]
[2024-04-03 17:49:24,703 : INFO : common : Created directory at: artifacts]
[2024-04-03 17:49:24,703 : INFO : common : Created directory at: artifacts/data_transformation]
[2024-04-03 17:49:24,718 : INFO : data_transformation : Splited data into training and testing sets]
[2024-04-03 17:49:24,718 : INFO : data_transformation : (1199, 12)]
[2024-04-03 17:49:24,718 : INFO : data_transformation : (400, 12)]
[2024-04-03 17:49:24,719 : INFO : main : >>>>>> Data Tranformation Stage Completed <<<<<< 

 x==========x]
[2024-04-03 17:49:24,719 : INFO : main : >>>>>> Model Trainer Stage Started <<<<<<]
[2024-04-03 17:49:24,721 : INFO : common : Yaml file : config\config.yaml Loaded Successfully]
[2024-04-03 17:49:24,722 : INFO : common : Yaml file : params.yaml Loaded Successfully]
[2024-04-03 17:49:24,723 : INFO : common : Yaml file : schema.yaml Loaded Successfully]
[2024-04-03 17:49:24,724 : INFO : common : Created directory at: artifacts]
[2024-04-03 17:49:24,724 : INFO : common : Created directory at: artifacts/model_trainer]
[2024-04-03 17:49:24,745 : INFO : main : >>>>>> Model Trainer Stage Completed <<<<<< 

 x==========x]
[2024-04-03 17:49:24,745 : INFO : main : >>>>>> Model Evaluation Stage Started <<<<<<]
[2024-04-03 17:49:24,748 : INFO : common : Yaml file : config\config.yaml Loaded Successfully]
[2024-04-03 17:49:24,749 : INFO : common : Yaml file : params.yaml Loaded Successfully]
[2024-04-03 17:49:24,750 : INFO : common : Yaml file : schema.yaml Loaded Successfully]
[2024-04-03 17:49:24,751 : INFO : common : Created directory at: artifacts]
[2024-04-03 17:49:24,751 : INFO : common : Created directory at: artifacts/model_evaluation]
[2024-04-03 17:49:24,923 : INFO : common : json file saved at: artifacts\model_evaluation\metrics.json]
[2024-04-03 17:49:30,057 : INFO : main : >>>>>> Model Evaluation Stage Completed <<<<<< 

 x==========x]
[2024-04-03 17:50:17,229 : INFO : main : >>>>>> Stage Data Ingestion Stage Started <<<<<<]
[2024-04-03 17:50:17,232 : INFO : common : Yaml file : config\config.yaml Loaded Successfully]
[2024-04-03 17:50:17,233 : INFO : common : Yaml file : params.yaml Loaded Successfully]
[2024-04-03 17:50:17,235 : INFO : common : Yaml file : schema.yaml Loaded Successfully]
[2024-04-03 17:50:17,235 : INFO : common : Created directory at: artifacts]
[2024-04-03 17:50:17,235 : INFO : common : Created directory at: artifacts/data_ingestion]
[2024-04-03 17:50:17,236 : INFO : data_ingestion : File Already exists of size~ 23 KB]
[2024-04-03 17:50:17,238 : INFO : main : >>>>>> Stage Data Ingestion Stage completed <<<<<< 

 x==========x]
[2024-04-03 17:50:17,238 : INFO : main : >>>>>> Stage Data Validation Stage Started <<<<<<<]
[2024-04-03 17:50:17,240 : INFO : common : Yaml file : config\config.yaml Loaded Successfully]
[2024-04-03 17:50:17,241 : INFO : common : Yaml file : params.yaml Loaded Successfully]
[2024-04-03 17:50:17,243 : INFO : common : Yaml file : schema.yaml Loaded Successfully]
[2024-04-03 17:50:17,243 : INFO : common : Created directory at: artifacts]
[2024-04-03 17:50:17,243 : INFO : common : Created directory at: artifacts/data_validation]
[2024-04-03 17:50:17,254 : INFO : main : >>>>>> Stage Data Validation Stage Completed <<<<<< 

 x==========x]
[2024-04-03 17:50:17,254 : INFO : main : >>>>>> Data Tranformation Stage Started <<<<<<]
[2024-04-03 17:50:17,255 : INFO : stage_03_data_transformation : .]
[2024-04-03 17:50:17,258 : INFO : common : Yaml file : config\config.yaml Loaded Successfully]
[2024-04-03 17:50:17,259 : INFO : common : Yaml file : params.yaml Loaded Successfully]
[2024-04-03 17:50:17,260 : INFO : common : Yaml file : schema.yaml Loaded Successfully]
[2024-04-03 17:50:17,261 : INFO : common : Created directory at: artifacts]
[2024-04-03 17:50:17,261 : INFO : common : Created directory at: artifacts/data_transformation]
[2024-04-03 17:50:17,275 : INFO : data_transformation : Splited data into training and testing sets]
[2024-04-03 17:50:17,275 : INFO : data_transformation : (1199, 12)]
[2024-04-03 17:50:17,275 : INFO : data_transformation : (400, 12)]
[2024-04-03 17:50:17,276 : INFO : main : >>>>>> Data Tranformation Stage Completed <<<<<< 

 x==========x]
[2024-04-03 17:50:17,276 : INFO : main : >>>>>> Model Trainer Stage Started <<<<<<]
[2024-04-03 17:50:17,278 : INFO : common : Yaml file : config\config.yaml Loaded Successfully]
[2024-04-03 17:50:17,279 : INFO : common : Yaml file : params.yaml Loaded Successfully]
[2024-04-03 17:50:17,281 : INFO : common : Yaml file : schema.yaml Loaded Successfully]
[2024-04-03 17:50:17,281 : INFO : common : Created directory at: artifacts]
[2024-04-03 17:50:17,282 : INFO : common : Created directory at: artifacts/model_trainer]
[2024-04-03 17:50:17,303 : INFO : main : >>>>>> Model Trainer Stage Completed <<<<<< 

 x==========x]
[2024-04-03 17:50:17,303 : INFO : main : >>>>>> Model Evaluation Stage Started <<<<<<]
[2024-04-03 17:50:17,306 : INFO : common : Yaml file : config\config.yaml Loaded Successfully]
[2024-04-03 17:50:17,307 : INFO : common : Yaml file : params.yaml Loaded Successfully]
[2024-04-03 17:50:17,308 : INFO : common : Yaml file : schema.yaml Loaded Successfully]
[2024-04-03 17:50:17,309 : INFO : common : Created directory at: artifacts]
[2024-04-03 17:50:17,309 : INFO : common : Created directory at: artifacts/model_evaluation]
[2024-04-03 17:50:17,479 : INFO : common : json file saved at: artifacts\model_evaluation\metrics.json]
[2024-04-03 17:50:20,682 : INFO : main : >>>>>> Model Evaluation Stage Completed <<<<<< 

 x==========x]
[2024-04-03 17:50:58,290 : INFO : stage_05_model_evaluation : >>>>>> Model Evaluation Stage Started <<<<<<]
[2024-04-03 17:50:58,293 : INFO : common : Yaml file : config\config.yaml Loaded Successfully]
[2024-04-03 17:50:58,293 : INFO : common : Yaml file : params.yaml Loaded Successfully]
[2024-04-03 17:50:58,295 : INFO : common : Yaml file : schema.yaml Loaded Successfully]
[2024-04-03 17:50:58,295 : INFO : common : Created directory at: artifacts]
[2024-04-03 17:50:58,295 : INFO : common : Created directory at: artifacts/model_evaluation]
[2024-04-03 17:50:58,501 : INFO : common : json file saved at: artifacts\model_evaluation\metrics.json]
[2024-04-03 17:51:01,590 : INFO : stage_05_model_evaluation : >>>>>> Model Evaluation Stage Completed <<<<<<]
[2024-04-03 17:51:26,327 : INFO : stage_05_model_evaluation : >>>>>> Model Evaluation Stage Started <<<<<<]
[2024-04-03 17:51:26,330 : INFO : common : Yaml file : config\config.yaml Loaded Successfully]
[2024-04-03 17:51:26,331 : INFO : common : Yaml file : params.yaml Loaded Successfully]
[2024-04-03 17:51:26,333 : INFO : common : Yaml file : schema.yaml Loaded Successfully]
[2024-04-03 17:51:26,333 : INFO : common : Created directory at: artifacts]
[2024-04-03 17:51:26,334 : INFO : common : Created directory at: artifacts/model_evaluation]
[2024-04-03 17:51:26,535 : INFO : common : json file saved at: artifacts\model_evaluation\metrics.json]
[2024-04-03 17:51:29,605 : INFO : stage_05_model_evaluation : >>>>>> Model Evaluation Stage Completed <<<<<<]
[2024-04-03 17:52:05,477 : INFO : stage_05_model_evaluation : >>>>>> Model Evaluation Stage Started <<<<<<]
[2024-04-03 17:52:05,480 : INFO : common : Yaml file : config\config.yaml Loaded Successfully]
[2024-04-03 17:52:05,481 : INFO : common : Yaml file : params.yaml Loaded Successfully]
[2024-04-03 17:52:05,482 : INFO : common : Yaml file : schema.yaml Loaded Successfully]
[2024-04-03 17:52:05,483 : INFO : common : Created directory at: artifacts]
[2024-04-03 17:52:05,483 : INFO : common : Created directory at: artifacts/model_evaluation]
[2024-04-03 17:53:06,205 : INFO : stage_05_model_evaluation : >>>>>> Model Evaluation Stage Started <<<<<<]
[2024-04-03 17:53:06,208 : INFO : common : Yaml file : config\config.yaml Loaded Successfully]
[2024-04-03 17:53:06,209 : INFO : common : Yaml file : params.yaml Loaded Successfully]
[2024-04-03 17:53:06,210 : INFO : common : Yaml file : schema.yaml Loaded Successfully]
[2024-04-03 17:53:06,211 : INFO : common : Created directory at: artifacts]
[2024-04-03 17:53:06,211 : INFO : common : Created directory at: artifacts/model_evaluation]
[2024-04-03 17:56:49,141 : INFO : stage_05_model_evaluation : >>>>>> Model Evaluation Stage Started <<<<<<]
[2024-04-03 17:56:49,144 : INFO : common : Yaml file : config\config.yaml Loaded Successfully]
[2024-04-03 17:56:49,145 : INFO : common : Yaml file : params.yaml Loaded Successfully]
[2024-04-03 17:56:49,146 : INFO : common : Yaml file : schema.yaml Loaded Successfully]
[2024-04-03 17:56:49,147 : INFO : common : Created directory at: artifacts]
[2024-04-03 17:56:49,147 : INFO : common : Created directory at: artifacts/model_evaluation]
[2024-04-03 17:57:02,019 : INFO : stage_05_model_evaluation : >>>>>> Model Evaluation Stage Started <<<<<<]
[2024-04-03 17:57:02,021 : INFO : common : Yaml file : config\config.yaml Loaded Successfully]
[2024-04-03 17:57:02,022 : INFO : common : Yaml file : params.yaml Loaded Successfully]
[2024-04-03 17:57:02,024 : INFO : common : Yaml file : schema.yaml Loaded Successfully]
[2024-04-03 17:57:02,024 : INFO : common : Created directory at: artifacts]
[2024-04-03 17:57:02,024 : INFO : common : Created directory at: artifacts/model_evaluation]
[2024-04-03 17:57:02,897 : INFO : common : json file saved at: artifacts\model_evaluation\metrics.json]
[2024-04-03 17:57:12,542 : INFO : stage_05_model_evaluation : >>>>>> Model Evaluation Stage Completed <<<<<<]
[2024-04-03 17:57:46,254 : INFO : stage_05_model_evaluation : >>>>>> Model Evaluation Stage Started <<<<<<]
[2024-04-03 17:57:46,257 : INFO : common : Yaml file : config\config.yaml Loaded Successfully]
[2024-04-03 17:57:46,258 : INFO : common : Yaml file : params.yaml Loaded Successfully]
[2024-04-03 17:57:46,259 : INFO : common : Yaml file : schema.yaml Loaded Successfully]
[2024-04-03 17:57:46,260 : INFO : common : Created directory at: artifacts]
[2024-04-03 17:57:46,260 : INFO : common : Created directory at: artifacts/model_evaluation]
[2024-04-03 17:57:47,419 : INFO : common : json file saved at: artifacts\model_evaluation\metrics.json]
[2024-04-03 17:57:58,828 : INFO : stage_05_model_evaluation : >>>>>> Model Evaluation Stage Completed <<<<<<]
[2024-04-03 17:58:13,692 : INFO : main : >>>>>> Stage Data Ingestion Stage Started <<<<<<]
[2024-04-03 17:58:13,695 : INFO : common : Yaml file : config\config.yaml Loaded Successfully]
[2024-04-03 17:58:13,695 : INFO : common : Yaml file : params.yaml Loaded Successfully]
[2024-04-03 17:58:13,697 : INFO : common : Yaml file : schema.yaml Loaded Successfully]
[2024-04-03 17:58:13,698 : INFO : common : Created directory at: artifacts]
[2024-04-03 17:58:13,698 : INFO : common : Created directory at: artifacts/data_ingestion]
[2024-04-03 17:58:13,698 : INFO : data_ingestion : File Already exists of size~ 23 KB]
[2024-04-03 17:58:13,700 : INFO : main : >>>>>> Stage Data Ingestion Stage completed <<<<<< 

 x==========x]
[2024-04-03 17:58:13,700 : INFO : main : >>>>>> Stage Data Validation Stage Started <<<<<<<]
[2024-04-03 17:58:13,703 : INFO : common : Yaml file : config\config.yaml Loaded Successfully]
[2024-04-03 17:58:13,704 : INFO : common : Yaml file : params.yaml Loaded Successfully]
[2024-04-03 17:58:13,705 : INFO : common : Yaml file : schema.yaml Loaded Successfully]
[2024-04-03 17:58:13,706 : INFO : common : Created directory at: artifacts]
[2024-04-03 17:58:13,706 : INFO : common : Created directory at: artifacts/data_validation]
[2024-04-03 17:58:13,717 : INFO : main : >>>>>> Stage Data Validation Stage Completed <<<<<< 

 x==========x]
[2024-04-03 17:58:13,718 : INFO : main : >>>>>> Data Tranformation Stage Started <<<<<<]
[2024-04-03 17:58:13,718 : INFO : stage_03_data_transformation : .]
[2024-04-03 17:58:13,721 : INFO : common : Yaml file : config\config.yaml Loaded Successfully]
[2024-04-03 17:58:13,722 : INFO : common : Yaml file : params.yaml Loaded Successfully]
[2024-04-03 17:58:13,723 : INFO : common : Yaml file : schema.yaml Loaded Successfully]
[2024-04-03 17:58:13,723 : INFO : common : Created directory at: artifacts]
[2024-04-03 17:58:13,724 : INFO : common : Created directory at: artifacts/data_transformation]
[2024-04-03 17:58:13,738 : INFO : data_transformation : Splited data into training and testing sets]
[2024-04-03 17:58:13,738 : INFO : data_transformation : (1199, 12)]
[2024-04-03 17:58:13,738 : INFO : data_transformation : (400, 12)]
[2024-04-03 17:58:13,738 : INFO : main : >>>>>> Data Tranformation Stage Completed <<<<<< 

 x==========x]
[2024-04-03 17:58:13,739 : INFO : main : >>>>>> Model Trainer Stage Started <<<<<<]
[2024-04-03 17:58:13,741 : INFO : common : Yaml file : config\config.yaml Loaded Successfully]
[2024-04-03 17:58:13,742 : INFO : common : Yaml file : params.yaml Loaded Successfully]
[2024-04-03 17:58:13,743 : INFO : common : Yaml file : schema.yaml Loaded Successfully]
[2024-04-03 17:58:13,744 : INFO : common : Created directory at: artifacts]
[2024-04-03 17:58:13,744 : INFO : common : Created directory at: artifacts/model_trainer]
[2024-04-03 17:58:13,766 : INFO : main : >>>>>> Model Trainer Stage Completed <<<<<< 

 x==========x]
[2024-04-03 17:58:13,766 : INFO : main : >>>>>> Model Evaluation Stage Started <<<<<<]
[2024-04-03 17:58:13,769 : INFO : common : Yaml file : config\config.yaml Loaded Successfully]
[2024-04-03 17:58:13,769 : INFO : common : Yaml file : params.yaml Loaded Successfully]
[2024-04-03 17:58:13,771 : INFO : common : Yaml file : schema.yaml Loaded Successfully]
[2024-04-03 17:58:13,771 : INFO : common : Created directory at: artifacts]
[2024-04-03 17:58:13,772 : INFO : common : Created directory at: artifacts/model_evaluation]
[2024-04-03 17:58:15,763 : INFO : common : json file saved at: artifacts\model_evaluation\metrics.json]
[2024-04-03 17:58:39,785 : INFO : main : >>>>>> Model Evaluation Stage Completed <<<<<< 

 x==========x]
[2024-04-03 17:59:43,149 : INFO : main : >>>>>> Stage Data Ingestion Stage Started <<<<<<]
[2024-04-03 17:59:43,152 : INFO : common : Yaml file : config\config.yaml Loaded Successfully]
[2024-04-03 17:59:43,154 : INFO : common : Yaml file : params.yaml Loaded Successfully]
[2024-04-03 17:59:43,155 : INFO : common : Yaml file : schema.yaml Loaded Successfully]
[2024-04-03 17:59:43,155 : INFO : common : Created directory at: artifacts]
[2024-04-03 17:59:43,156 : INFO : common : Created directory at: artifacts/data_ingestion]
[2024-04-03 17:59:43,156 : INFO : data_ingestion : File Already exists of size~ 23 KB]
[2024-04-03 17:59:43,158 : INFO : main : >>>>>> Stage Data Ingestion Stage completed <<<<<< 

 x==========x]
[2024-04-03 17:59:43,158 : INFO : main : >>>>>> Stage Data Validation Stage Started <<<<<<<]
[2024-04-03 17:59:43,161 : INFO : common : Yaml file : config\config.yaml Loaded Successfully]
[2024-04-03 17:59:43,162 : INFO : common : Yaml file : params.yaml Loaded Successfully]
[2024-04-03 17:59:43,163 : INFO : common : Yaml file : schema.yaml Loaded Successfully]
[2024-04-03 17:59:43,163 : INFO : common : Created directory at: artifacts]
[2024-04-03 17:59:43,164 : INFO : common : Created directory at: artifacts/data_validation]
[2024-04-03 17:59:43,175 : INFO : main : >>>>>> Stage Data Validation Stage Completed <<<<<< 

 x==========x]
[2024-04-03 17:59:43,175 : INFO : main : >>>>>> Data Tranformation Stage Started <<<<<<]
[2024-04-03 17:59:43,176 : INFO : stage_03_data_transformation : .]
[2024-04-03 17:59:43,179 : INFO : common : Yaml file : config\config.yaml Loaded Successfully]
[2024-04-03 17:59:43,180 : INFO : common : Yaml file : params.yaml Loaded Successfully]
[2024-04-03 17:59:43,182 : INFO : common : Yaml file : schema.yaml Loaded Successfully]
[2024-04-03 17:59:43,182 : INFO : common : Created directory at: artifacts]
[2024-04-03 17:59:43,182 : INFO : common : Created directory at: artifacts/data_transformation]
[2024-04-03 17:59:43,196 : INFO : data_transformation : Splited data into training and testing sets]
[2024-04-03 17:59:43,196 : INFO : data_transformation : (1199, 12)]
[2024-04-03 17:59:43,196 : INFO : data_transformation : (400, 12)]
[2024-04-03 17:59:43,197 : INFO : main : >>>>>> Data Tranformation Stage Completed <<<<<< 

 x==========x]
[2024-04-03 17:59:43,197 : INFO : main : >>>>>> Model Trainer Stage Started <<<<<<]
[2024-04-03 17:59:43,200 : INFO : common : Yaml file : config\config.yaml Loaded Successfully]
[2024-04-03 17:59:43,201 : INFO : common : Yaml file : params.yaml Loaded Successfully]
[2024-04-03 17:59:43,202 : INFO : common : Yaml file : schema.yaml Loaded Successfully]
[2024-04-03 17:59:43,203 : INFO : common : Created directory at: artifacts]
[2024-04-03 17:59:43,203 : INFO : common : Created directory at: artifacts/model_trainer]
[2024-04-03 17:59:43,224 : INFO : main : >>>>>> Model Trainer Stage Completed <<<<<< 

 x==========x]
[2024-04-03 17:59:43,224 : INFO : main : >>>>>> Model Evaluation Stage Started <<<<<<]
[2024-04-03 17:59:43,227 : INFO : common : Yaml file : config\config.yaml Loaded Successfully]
[2024-04-03 17:59:43,227 : INFO : common : Yaml file : params.yaml Loaded Successfully]
[2024-04-03 17:59:43,229 : INFO : common : Yaml file : schema.yaml Loaded Successfully]
[2024-04-03 17:59:43,229 : INFO : common : Created directory at: artifacts]
[2024-04-03 17:59:43,230 : INFO : common : Created directory at: artifacts/model_evaluation]
[2024-04-03 17:59:44,415 : INFO : common : json file saved at: artifacts\model_evaluation\metrics.json]
[2024-04-03 17:59:54,120 : INFO : main : >>>>>> Model Evaluation Stage Completed <<<<<< 

 x==========x]
[2024-04-03 19:11:54,410 : INFO : main : >>>>>> Stage Data Ingestion Stage Started <<<<<<]
[2024-04-03 19:11:54,413 : INFO : common : Yaml file : config\config.yaml Loaded Successfully]
[2024-04-03 19:11:54,418 : INFO : common : Yaml file : params.yaml Loaded Successfully]
[2024-04-03 19:11:54,419 : INFO : common : Yaml file : schema.yaml Loaded Successfully]
[2024-04-03 19:11:54,420 : INFO : common : Created directory at: artifacts]
[2024-04-03 19:11:54,420 : INFO : common : Created directory at: artifacts/data_ingestion]
[2024-04-03 19:11:54,420 : INFO : data_ingestion : File Already exists of size~ 23 KB]
[2024-04-03 19:11:54,422 : INFO : main : >>>>>> Stage Data Ingestion Stage completed <<<<<< 

 x==========x]
[2024-04-03 19:11:54,423 : INFO : main : >>>>>> Stage Data Validation Stage Started <<<<<<<]
[2024-04-03 19:11:54,425 : INFO : common : Yaml file : config\config.yaml Loaded Successfully]
[2024-04-03 19:11:54,426 : INFO : common : Yaml file : params.yaml Loaded Successfully]
[2024-04-03 19:11:54,427 : INFO : common : Yaml file : schema.yaml Loaded Successfully]
[2024-04-03 19:11:54,428 : INFO : common : Created directory at: artifacts]
[2024-04-03 19:11:54,428 : INFO : common : Created directory at: artifacts/data_validation]
[2024-04-03 19:11:54,439 : INFO : main : >>>>>> Stage Data Validation Stage Completed <<<<<< 

 x==========x]
[2024-04-03 19:11:54,439 : INFO : main : >>>>>> Data Tranformation Stage Started <<<<<<]
[2024-04-03 19:11:54,440 : INFO : stage_03_data_transformation : .]
[2024-04-03 19:11:54,443 : INFO : common : Yaml file : config\config.yaml Loaded Successfully]
[2024-04-03 19:11:54,444 : INFO : common : Yaml file : params.yaml Loaded Successfully]
[2024-04-03 19:11:54,445 : INFO : common : Yaml file : schema.yaml Loaded Successfully]
[2024-04-03 19:11:54,446 : INFO : common : Created directory at: artifacts]
[2024-04-03 19:11:54,446 : INFO : common : Created directory at: artifacts/data_transformation]
[2024-04-03 19:11:54,460 : INFO : data_transformation : Splited data into training and testing sets]
[2024-04-03 19:11:54,460 : INFO : data_transformation : (1199, 12)]
[2024-04-03 19:11:54,460 : INFO : data_transformation : (400, 12)]
[2024-04-03 19:11:54,460 : INFO : main : >>>>>> Data Tranformation Stage Completed <<<<<< 

 x==========x]
[2024-04-03 19:11:54,461 : INFO : main : >>>>>> Model Trainer Stage Started <<<<<<]
[2024-04-03 19:11:54,463 : INFO : common : Yaml file : config\config.yaml Loaded Successfully]
[2024-04-03 19:11:54,464 : INFO : common : Yaml file : params.yaml Loaded Successfully]
[2024-04-03 19:11:54,465 : INFO : common : Yaml file : schema.yaml Loaded Successfully]
[2024-04-03 19:11:54,465 : INFO : common : Created directory at: artifacts]
[2024-04-03 19:11:54,466 : INFO : common : Created directory at: artifacts/model_trainer]
[2024-04-03 19:11:54,487 : INFO : main : >>>>>> Model Trainer Stage Completed <<<<<< 

 x==========x]
[2024-04-03 19:11:54,487 : INFO : main : >>>>>> Model Evaluation Stage Started <<<<<<]
[2024-04-03 19:11:54,490 : INFO : common : Yaml file : config\config.yaml Loaded Successfully]
[2024-04-03 19:11:54,491 : INFO : common : Yaml file : params.yaml Loaded Successfully]
[2024-04-03 19:11:54,493 : INFO : common : Yaml file : schema.yaml Loaded Successfully]
[2024-04-03 19:11:54,493 : INFO : common : Created directory at: artifacts]
[2024-04-03 19:11:54,493 : INFO : common : Created directory at: artifacts/model_evaluation]
[2024-04-03 19:13:00,939 : INFO : main : >>>>>> Stage Data Ingestion Stage Started <<<<<<]
[2024-04-03 19:13:00,942 : INFO : common : Yaml file : config\config.yaml Loaded Successfully]
[2024-04-03 19:13:00,943 : INFO : common : Yaml file : params.yaml Loaded Successfully]
[2024-04-03 19:13:00,945 : INFO : common : Yaml file : schema.yaml Loaded Successfully]
[2024-04-03 19:13:00,945 : INFO : common : Created directory at: artifacts]
[2024-04-03 19:13:00,946 : INFO : common : Created directory at: artifacts/data_ingestion]
[2024-04-03 19:13:00,946 : INFO : data_ingestion : File Already exists of size~ 23 KB]
[2024-04-03 19:13:00,948 : INFO : main : >>>>>> Stage Data Ingestion Stage completed <<<<<< 

 x==========x]
[2024-04-03 19:13:00,948 : INFO : main : >>>>>> Stage Data Validation Stage Started <<<<<<<]
[2024-04-03 19:13:00,950 : INFO : common : Yaml file : config\config.yaml Loaded Successfully]
[2024-04-03 19:13:00,951 : INFO : common : Yaml file : params.yaml Loaded Successfully]
[2024-04-03 19:13:00,953 : INFO : common : Yaml file : schema.yaml Loaded Successfully]
[2024-04-03 19:13:00,953 : INFO : common : Created directory at: artifacts]
[2024-04-03 19:13:00,953 : INFO : common : Created directory at: artifacts/data_validation]
[2024-04-03 19:13:00,964 : INFO : main : >>>>>> Stage Data Validation Stage Completed <<<<<< 

 x==========x]
[2024-04-03 19:13:00,965 : INFO : main : >>>>>> Data Tranformation Stage Started <<<<<<]
[2024-04-03 19:13:00,965 : INFO : stage_03_data_transformation : .]
[2024-04-03 19:13:00,968 : INFO : common : Yaml file : config\config.yaml Loaded Successfully]
[2024-04-03 19:13:00,969 : INFO : common : Yaml file : params.yaml Loaded Successfully]
[2024-04-03 19:13:00,970 : INFO : common : Yaml file : schema.yaml Loaded Successfully]
[2024-04-03 19:13:00,971 : INFO : common : Created directory at: artifacts]
[2024-04-03 19:13:00,971 : INFO : common : Created directory at: artifacts/data_transformation]
[2024-04-03 19:13:00,985 : INFO : data_transformation : Splited data into training and testing sets]
[2024-04-03 19:13:00,985 : INFO : data_transformation : (1199, 12)]
[2024-04-03 19:13:00,985 : INFO : data_transformation : (400, 12)]
[2024-04-03 19:13:00,986 : INFO : main : >>>>>> Data Tranformation Stage Completed <<<<<< 

 x==========x]
[2024-04-03 19:13:00,986 : INFO : main : >>>>>> Model Trainer Stage Started <<<<<<]
[2024-04-03 19:13:00,989 : INFO : common : Yaml file : config\config.yaml Loaded Successfully]
[2024-04-03 19:13:00,990 : INFO : common : Yaml file : params.yaml Loaded Successfully]
[2024-04-03 19:13:00,992 : INFO : common : Yaml file : schema.yaml Loaded Successfully]
[2024-04-03 19:13:00,992 : INFO : common : Created directory at: artifacts]
[2024-04-03 19:13:00,993 : INFO : common : Created directory at: artifacts/model_trainer]
[2024-04-03 19:13:01,014 : INFO : main : >>>>>> Model Trainer Stage Completed <<<<<< 

 x==========x]
[2024-04-03 19:13:01,014 : INFO : main : >>>>>> Model Evaluation Stage Started <<<<<<]
[2024-04-03 19:13:01,017 : INFO : common : Yaml file : config\config.yaml Loaded Successfully]
[2024-04-03 19:13:01,018 : INFO : common : Yaml file : params.yaml Loaded Successfully]
[2024-04-03 19:13:01,019 : INFO : common : Yaml file : schema.yaml Loaded Successfully]
[2024-04-03 19:13:01,019 : INFO : common : Created directory at: artifacts]
[2024-04-03 19:13:01,020 : INFO : common : Created directory at: artifacts/model_evaluation]
[2024-04-03 19:13:50,502 : INFO : stage_05_model_evaluation : >>>>>> Model Evaluation Stage Started <<<<<<]
[2024-04-03 19:13:50,504 : INFO : common : Yaml file : config\config.yaml Loaded Successfully]
[2024-04-03 19:13:50,506 : INFO : common : Yaml file : params.yaml Loaded Successfully]
[2024-04-03 19:13:50,507 : INFO : common : Yaml file : schema.yaml Loaded Successfully]
[2024-04-03 19:13:50,508 : INFO : common : Created directory at: artifacts]
[2024-04-03 19:13:50,508 : INFO : common : Created directory at: artifacts/model_evaluation]
[2024-04-03 19:21:40,492 : INFO : main : >>>>>> Stage Data Ingestion Stage Started <<<<<<]
[2024-04-03 19:21:40,495 : INFO : common : Yaml file : config\config.yaml Loaded Successfully]
[2024-04-03 19:21:40,496 : INFO : common : Yaml file : params.yaml Loaded Successfully]
[2024-04-03 19:21:40,497 : INFO : common : Yaml file : schema.yaml Loaded Successfully]
[2024-04-03 19:21:40,498 : INFO : common : Created directory at: artifacts]
[2024-04-03 19:21:40,498 : INFO : common : Created directory at: artifacts/data_ingestion]
[2024-04-03 19:21:40,498 : INFO : data_ingestion : File Already exists of size~ 23 KB]
[2024-04-03 19:21:40,500 : INFO : main : >>>>>> Stage Data Ingestion Stage completed <<<<<< 

 x==========x]
[2024-04-03 19:21:40,501 : INFO : main : >>>>>> Stage Data Validation Stage Started <<<<<<<]
[2024-04-03 19:21:40,503 : INFO : common : Yaml file : config\config.yaml Loaded Successfully]
[2024-04-03 19:21:40,504 : INFO : common : Yaml file : params.yaml Loaded Successfully]
[2024-04-03 19:21:40,506 : INFO : common : Yaml file : schema.yaml Loaded Successfully]
[2024-04-03 19:21:40,506 : INFO : common : Created directory at: artifacts]
[2024-04-03 19:21:40,506 : INFO : common : Created directory at: artifacts/data_validation]
[2024-04-03 19:21:40,518 : INFO : main : >>>>>> Stage Data Validation Stage Completed <<<<<< 

 x==========x]
[2024-04-03 19:21:40,518 : INFO : main : >>>>>> Data Tranformation Stage Started <<<<<<]
[2024-04-03 19:21:40,519 : INFO : stage_03_data_transformation : .]
[2024-04-03 19:21:40,522 : INFO : common : Yaml file : config\config.yaml Loaded Successfully]
[2024-04-03 19:21:40,523 : INFO : common : Yaml file : params.yaml Loaded Successfully]
[2024-04-03 19:21:40,524 : INFO : common : Yaml file : schema.yaml Loaded Successfully]
[2024-04-03 19:21:40,525 : INFO : common : Created directory at: artifacts]
[2024-04-03 19:21:40,525 : INFO : common : Created directory at: artifacts/data_transformation]
[2024-04-03 19:21:40,538 : INFO : data_transformation : Splited data into training and testing sets]
[2024-04-03 19:21:40,539 : INFO : data_transformation : (1199, 12)]
[2024-04-03 19:21:40,539 : INFO : data_transformation : (400, 12)]
[2024-04-03 19:21:40,539 : INFO : main : >>>>>> Data Tranformation Stage Completed <<<<<< 

 x==========x]
[2024-04-03 19:21:40,540 : INFO : main : >>>>>> Model Trainer Stage Started <<<<<<]
[2024-04-03 19:21:40,542 : INFO : common : Yaml file : config\config.yaml Loaded Successfully]
[2024-04-03 19:21:40,543 : INFO : common : Yaml file : params.yaml Loaded Successfully]
[2024-04-03 19:21:40,544 : INFO : common : Yaml file : schema.yaml Loaded Successfully]
[2024-04-03 19:21:40,544 : INFO : common : Created directory at: artifacts]
[2024-04-03 19:21:40,545 : INFO : common : Created directory at: artifacts/model_trainer]
[2024-04-03 19:21:40,564 : INFO : main : >>>>>> Model Trainer Stage Completed <<<<<< 

 x==========x]
[2024-04-03 19:21:40,565 : INFO : main : >>>>>> Model Evaluation Stage Started <<<<<<]
[2024-04-03 19:21:40,567 : INFO : common : Yaml file : config\config.yaml Loaded Successfully]
[2024-04-03 19:21:40,568 : INFO : common : Yaml file : params.yaml Loaded Successfully]
[2024-04-03 19:21:40,569 : INFO : common : Yaml file : schema.yaml Loaded Successfully]
[2024-04-03 19:21:40,570 : INFO : common : Created directory at: artifacts]
[2024-04-03 19:21:40,570 : INFO : common : Created directory at: artifacts/model_evaluation]
[2024-04-04 01:23:10,104 : INFO : main : >>>>>> Stage Data Ingestion Stage Started <<<<<<]
[2024-04-04 01:23:10,107 : INFO : common : Yaml file : config\config.yaml Loaded Successfully]
[2024-04-04 01:23:10,108 : INFO : common : Yaml file : params.yaml Loaded Successfully]
[2024-04-04 01:23:10,110 : INFO : common : Yaml file : schema.yaml Loaded Successfully]
[2024-04-04 01:23:10,110 : INFO : common : Created directory at: artifacts]
[2024-04-04 01:23:10,110 : INFO : common : Created directory at: artifacts/data_ingestion]
[2024-04-04 01:23:10,110 : INFO : data_ingestion : File Already exists of size~ 23 KB]
[2024-04-04 01:23:10,115 : INFO : main : >>>>>> Stage Data Ingestion Stage completed <<<<<< 

 x==========x]
[2024-04-04 01:23:10,115 : INFO : main : >>>>>> Stage Data Validation Stage Started <<<<<<<]
[2024-04-04 01:23:10,117 : INFO : common : Yaml file : config\config.yaml Loaded Successfully]
[2024-04-04 01:23:10,118 : INFO : common : Yaml file : params.yaml Loaded Successfully]
[2024-04-04 01:23:10,119 : INFO : common : Yaml file : schema.yaml Loaded Successfully]
[2024-04-04 01:23:10,120 : INFO : common : Created directory at: artifacts]
[2024-04-04 01:23:10,120 : INFO : common : Created directory at: artifacts/data_validation]
[2024-04-04 01:23:10,135 : INFO : main : >>>>>> Stage Data Validation Stage Completed <<<<<< 

 x==========x]
[2024-04-04 01:23:10,135 : INFO : main : >>>>>> Data Tranformation Stage Started <<<<<<]
[2024-04-04 01:23:10,135 : INFO : stage_03_data_transformation : .]
[2024-04-04 01:23:10,138 : INFO : common : Yaml file : config\config.yaml Loaded Successfully]
[2024-04-04 01:23:10,139 : INFO : common : Yaml file : params.yaml Loaded Successfully]
[2024-04-04 01:23:10,141 : INFO : common : Yaml file : schema.yaml Loaded Successfully]
[2024-04-04 01:23:10,141 : INFO : common : Created directory at: artifacts]
[2024-04-04 01:23:10,141 : INFO : common : Created directory at: artifacts/data_transformation]
[2024-04-04 01:23:10,160 : INFO : data_transformation : Splited data into training and testing sets]
[2024-04-04 01:23:10,160 : INFO : data_transformation : (1199, 12)]
[2024-04-04 01:23:10,160 : INFO : data_transformation : (400, 12)]
[2024-04-04 01:23:10,161 : INFO : main : >>>>>> Data Tranformation Stage Completed <<<<<< 

 x==========x]
[2024-04-04 01:23:10,161 : INFO : main : >>>>>> Model Trainer Stage Started <<<<<<]
[2024-04-04 01:23:10,164 : INFO : common : Yaml file : config\config.yaml Loaded Successfully]
[2024-04-04 01:23:10,165 : INFO : common : Yaml file : params.yaml Loaded Successfully]
[2024-04-04 01:23:10,167 : INFO : common : Yaml file : schema.yaml Loaded Successfully]
[2024-04-04 01:23:10,167 : INFO : common : Created directory at: artifacts]
[2024-04-04 01:23:10,167 : INFO : common : Created directory at: artifacts/model_trainer]
[2024-04-04 01:23:10,193 : INFO : main : >>>>>> Model Trainer Stage Completed <<<<<< 

 x==========x]
[2024-04-04 01:23:10,193 : INFO : main : >>>>>> Model Evaluation Stage Started <<<<<<]
[2024-04-04 01:23:10,196 : INFO : common : Yaml file : config\config.yaml Loaded Successfully]
[2024-04-04 01:23:10,197 : INFO : common : Yaml file : params.yaml Loaded Successfully]
[2024-04-04 01:23:10,199 : INFO : common : Yaml file : schema.yaml Loaded Successfully]
[2024-04-04 01:23:10,199 : INFO : common : Created directory at: artifacts]
[2024-04-04 01:23:10,199 : INFO : common : Created directory at: artifacts/model_evaluation]
[2024-04-04 01:24:12,430 : INFO : main : >>>>>> Stage Data Ingestion Stage Started <<<<<<]
[2024-04-04 01:24:12,433 : INFO : common : Yaml file : config\config.yaml Loaded Successfully]
[2024-04-04 01:24:12,434 : INFO : common : Yaml file : params.yaml Loaded Successfully]
[2024-04-04 01:24:12,436 : INFO : common : Yaml file : schema.yaml Loaded Successfully]
[2024-04-04 01:24:12,436 : INFO : common : Created directory at: artifacts]
[2024-04-04 01:24:12,437 : INFO : common : Created directory at: artifacts/data_ingestion]
[2024-04-04 01:24:12,437 : INFO : data_ingestion : File Already exists of size~ 23 KB]
[2024-04-04 01:24:12,439 : INFO : main : >>>>>> Stage Data Ingestion Stage completed <<<<<< 

 x==========x]
[2024-04-04 01:24:12,439 : INFO : main : >>>>>> Stage Data Validation Stage Started <<<<<<<]
[2024-04-04 01:24:12,441 : INFO : common : Yaml file : config\config.yaml Loaded Successfully]
[2024-04-04 01:24:12,442 : INFO : common : Yaml file : params.yaml Loaded Successfully]
[2024-04-04 01:24:12,444 : INFO : common : Yaml file : schema.yaml Loaded Successfully]
[2024-04-04 01:24:12,444 : INFO : common : Created directory at: artifacts]
[2024-04-04 01:24:12,444 : INFO : common : Created directory at: artifacts/data_validation]
[2024-04-04 01:24:12,455 : INFO : main : >>>>>> Stage Data Validation Stage Completed <<<<<< 

 x==========x]
[2024-04-04 01:24:12,455 : INFO : main : >>>>>> Data Tranformation Stage Started <<<<<<]
[2024-04-04 01:24:12,456 : INFO : stage_03_data_transformation : .]
[2024-04-04 01:24:12,459 : INFO : common : Yaml file : config\config.yaml Loaded Successfully]
[2024-04-04 01:24:12,460 : INFO : common : Yaml file : params.yaml Loaded Successfully]
[2024-04-04 01:24:12,461 : INFO : common : Yaml file : schema.yaml Loaded Successfully]
[2024-04-04 01:24:12,462 : INFO : common : Created directory at: artifacts]
[2024-04-04 01:24:12,462 : INFO : common : Created directory at: artifacts/data_transformation]
[2024-04-04 01:24:12,476 : INFO : data_transformation : Splited data into training and testing sets]
[2024-04-04 01:24:12,476 : INFO : data_transformation : (1199, 12)]
[2024-04-04 01:24:12,476 : INFO : data_transformation : (400, 12)]
[2024-04-04 01:24:12,477 : INFO : main : >>>>>> Data Tranformation Stage Completed <<<<<< 

 x==========x]
[2024-04-04 01:24:12,477 : INFO : main : >>>>>> Model Trainer Stage Started <<<<<<]
[2024-04-04 01:24:12,479 : INFO : common : Yaml file : config\config.yaml Loaded Successfully]
[2024-04-04 01:24:12,480 : INFO : common : Yaml file : params.yaml Loaded Successfully]
[2024-04-04 01:24:12,482 : INFO : common : Yaml file : schema.yaml Loaded Successfully]
[2024-04-04 01:24:12,482 : INFO : common : Created directory at: artifacts]
[2024-04-04 01:24:12,482 : INFO : common : Created directory at: artifacts/model_trainer]
[2024-04-04 01:24:12,506 : INFO : main : >>>>>> Model Trainer Stage Completed <<<<<< 

 x==========x]
[2024-04-04 01:24:12,506 : INFO : main : >>>>>> Model Evaluation Stage Started <<<<<<]
[2024-04-04 01:24:12,509 : INFO : common : Yaml file : config\config.yaml Loaded Successfully]
[2024-04-04 01:24:12,509 : INFO : common : Yaml file : params.yaml Loaded Successfully]
[2024-04-04 01:24:12,511 : INFO : common : Yaml file : schema.yaml Loaded Successfully]
[2024-04-04 01:24:12,511 : INFO : common : Created directory at: artifacts]
[2024-04-04 01:24:12,512 : INFO : common : Created directory at: artifacts/model_evaluation]
[2024-04-04 01:26:04,892 : INFO : main : >>>>>> Stage Data Ingestion Stage Started <<<<<<]
[2024-04-04 01:26:04,895 : INFO : common : Yaml file : config\config.yaml Loaded Successfully]
[2024-04-04 01:26:04,895 : INFO : common : Yaml file : params.yaml Loaded Successfully]
[2024-04-04 01:26:04,897 : INFO : common : Yaml file : schema.yaml Loaded Successfully]
[2024-04-04 01:26:04,897 : INFO : common : Created directory at: artifacts]
[2024-04-04 01:26:04,897 : INFO : common : Created directory at: artifacts/data_ingestion]
[2024-04-04 01:26:04,898 : INFO : data_ingestion : File Already exists of size~ 23 KB]
[2024-04-04 01:26:04,900 : INFO : main : >>>>>> Stage Data Ingestion Stage completed <<<<<< 

 x==========x]
[2024-04-04 01:26:04,900 : INFO : main : >>>>>> Stage Data Validation Stage Started <<<<<<<]
[2024-04-04 01:26:04,903 : INFO : common : Yaml file : config\config.yaml Loaded Successfully]
[2024-04-04 01:26:04,903 : INFO : common : Yaml file : params.yaml Loaded Successfully]
[2024-04-04 01:26:04,905 : INFO : common : Yaml file : schema.yaml Loaded Successfully]
[2024-04-04 01:26:04,905 : INFO : common : Created directory at: artifacts]
[2024-04-04 01:26:04,906 : INFO : common : Created directory at: artifacts/data_validation]
[2024-04-04 01:26:04,917 : INFO : main : >>>>>> Stage Data Validation Stage Completed <<<<<< 

 x==========x]
[2024-04-04 01:26:04,917 : INFO : main : >>>>>> Data Tranformation Stage Started <<<<<<]
[2024-04-04 01:26:04,918 : INFO : stage_03_data_transformation : .]
[2024-04-04 01:26:04,924 : INFO : common : Yaml file : config\config.yaml Loaded Successfully]
[2024-04-04 01:26:04,925 : INFO : common : Yaml file : params.yaml Loaded Successfully]
[2024-04-04 01:26:04,926 : INFO : common : Yaml file : schema.yaml Loaded Successfully]
[2024-04-04 01:26:04,927 : INFO : common : Created directory at: artifacts]
[2024-04-04 01:26:04,927 : INFO : common : Created directory at: artifacts/data_transformation]
[2024-04-04 01:26:04,941 : INFO : data_transformation : Splited data into training and testing sets]
[2024-04-04 01:26:04,941 : INFO : data_transformation : (1199, 12)]
[2024-04-04 01:26:04,941 : INFO : data_transformation : (400, 12)]
[2024-04-04 01:26:04,942 : INFO : main : >>>>>> Data Tranformation Stage Completed <<<<<< 

 x==========x]
[2024-04-04 01:26:04,942 : INFO : main : >>>>>> Model Trainer Stage Started <<<<<<]
[2024-04-04 01:26:04,944 : INFO : common : Yaml file : config\config.yaml Loaded Successfully]
[2024-04-04 01:26:04,945 : INFO : common : Yaml file : params.yaml Loaded Successfully]
[2024-04-04 01:26:04,947 : INFO : common : Yaml file : schema.yaml Loaded Successfully]
[2024-04-04 01:26:04,947 : INFO : common : Created directory at: artifacts]
[2024-04-04 01:26:04,948 : INFO : common : Created directory at: artifacts/model_trainer]
[2024-04-04 01:26:04,986 : INFO : main : >>>>>> Model Trainer Stage Completed <<<<<< 

 x==========x]
[2024-04-04 01:26:04,987 : INFO : main : >>>>>> Model Evaluation Stage Started <<<<<<]
[2024-04-04 01:26:04,989 : INFO : common : Yaml file : config\config.yaml Loaded Successfully]
[2024-04-04 01:26:04,990 : INFO : common : Yaml file : params.yaml Loaded Successfully]
[2024-04-04 01:26:04,991 : INFO : common : Yaml file : schema.yaml Loaded Successfully]
[2024-04-04 01:26:04,992 : INFO : common : Created directory at: artifacts]
[2024-04-04 01:26:04,992 : INFO : common : Created directory at: artifacts/model_evaluation]
[2024-04-04 01:26:48,646 : INFO : stage_05_model_evaluation : >>>>>> Model Evaluation Stage Started <<<<<<]
[2024-04-04 01:26:48,649 : INFO : common : Yaml file : config\config.yaml Loaded Successfully]
[2024-04-04 01:26:48,649 : INFO : common : Yaml file : params.yaml Loaded Successfully]
[2024-04-04 01:26:48,651 : INFO : common : Yaml file : schema.yaml Loaded Successfully]
[2024-04-04 01:26:48,651 : INFO : common : Created directory at: artifacts]
[2024-04-04 01:26:48,651 : INFO : common : Created directory at: artifacts/model_evaluation]
[2024-04-04 01:27:15,355 : INFO : stage_05_model_evaluation : >>>>>> Model Evaluation Stage Started <<<<<<]
[2024-04-04 01:27:15,358 : INFO : common : Yaml file : config\config.yaml Loaded Successfully]
[2024-04-04 01:27:15,359 : INFO : common : Yaml file : params.yaml Loaded Successfully]
[2024-04-04 01:27:15,360 : INFO : common : Yaml file : schema.yaml Loaded Successfully]
[2024-04-04 01:27:15,360 : INFO : common : Created directory at: artifacts]
[2024-04-04 01:27:15,361 : INFO : common : Created directory at: artifacts/model_evaluation]
[2024-04-04 01:41:11,302 : INFO : helpers : Initialized MLflow to track repo "ahmedbasemdev/End-to-End-MlOps-Project-with-MlFlow"]
[2024-04-04 01:41:11,304 : INFO : helpers : Repository ahmedbasemdev/End-to-End-MlOps-Project-with-MlFlow initialized!]
[2024-04-04 01:41:11,304 : INFO : stage_05_model_evaluation : >>>>>> Model Evaluation Stage Started <<<<<<]
[2024-04-04 01:41:11,308 : INFO : common : Yaml file : config\config.yaml Loaded Successfully]
[2024-04-04 01:41:11,309 : INFO : common : Yaml file : params.yaml Loaded Successfully]
[2024-04-04 01:41:11,311 : INFO : common : Yaml file : schema.yaml Loaded Successfully]
[2024-04-04 01:41:11,312 : INFO : common : Created directory at: artifacts]
[2024-04-04 01:41:11,313 : INFO : common : Created directory at: artifacts/model_evaluation]
[2024-04-04 11:23:33,775 : INFO : helpers : Initialized MLflow to track repo "ahmedbasemdev/End-to-End-MlOps-Project-with-MlFlow"]
[2024-04-04 11:23:33,779 : INFO : helpers : Repository ahmedbasemdev/End-to-End-MlOps-Project-with-MlFlow initialized!]
[2024-04-04 11:23:33,780 : INFO : stage_05_model_evaluation : >>>>>> Model Evaluation Stage Started <<<<<<]
[2024-04-04 11:23:33,787 : INFO : common : Yaml file : config\config.yaml Loaded Successfully]
[2024-04-04 11:23:33,792 : INFO : common : Yaml file : params.yaml Loaded Successfully]
[2024-04-04 11:23:33,799 : INFO : common : Yaml file : schema.yaml Loaded Successfully]
[2024-04-04 11:23:33,800 : INFO : common : Created directory at: artifacts]
[2024-04-04 11:23:33,801 : INFO : common : Created directory at: artifacts/model_evaluation]
[2024-04-04 11:23:59,404 : INFO : stage_05_model_evaluation : >>>>>> Model Evaluation Stage Started <<<<<<]
[2024-04-04 11:23:59,406 : INFO : common : Yaml file : config\config.yaml Loaded Successfully]
[2024-04-04 11:23:59,407 : INFO : common : Yaml file : params.yaml Loaded Successfully]
[2024-04-04 11:23:59,409 : INFO : common : Yaml file : schema.yaml Loaded Successfully]
[2024-04-04 11:23:59,409 : INFO : common : Created directory at: artifacts]
[2024-04-04 11:23:59,410 : INFO : common : Created directory at: artifacts/model_evaluation]
[2024-04-04 11:25:04,759 : INFO : stage_05_model_evaluation : >>>>>> Model Evaluation Stage Started <<<<<<]
[2024-04-04 11:25:04,762 : INFO : common : Yaml file : config\config.yaml Loaded Successfully]
[2024-04-04 11:25:04,763 : INFO : common : Yaml file : params.yaml Loaded Successfully]
[2024-04-04 11:25:04,765 : INFO : common : Yaml file : schema.yaml Loaded Successfully]
[2024-04-04 11:25:04,765 : INFO : common : Created directory at: artifacts]
[2024-04-04 11:25:04,766 : INFO : common : Created directory at: artifacts/model_evaluation]
[2024-04-04 11:25:05,586 : INFO : common : json file saved at: artifacts\model_evaluation\metrics.json]
[2024-04-04 11:25:16,639 : INFO : stage_05_model_evaluation : >>>>>> Model Evaluation Stage Completed <<<<<<]
[2024-04-05 18:04:34,801 : INFO : _internal : [31m[1mWARNING: This is a development server. Do not use it in a production deployment. Use a production WSGI server instead.[0m
 * Running on all addresses (0.0.0.0)
 * Running on http://127.0.0.1:8080
 * Running on http://192.168.1.8:8080]
[2024-04-05 18:04:34,802 : INFO : _internal : [33mPress CTRL+C to quit[0m]
[2024-04-05 18:04:34,804 : INFO : _internal :  * Restarting with stat]
[2024-04-05 18:04:35,400 : WARNING : _internal :  * Debugger is active!]
[2024-04-05 18:04:35,410 : INFO : _internal :  * Debugger PIN: 116-151-462]
[2024-04-05 18:04:39,328 : INFO : _internal : 127.0.0.1 - - [05/Apr/2024 18:04:39] "GET / HTTP/1.1" 200 -]
[2024-04-05 18:04:39,798 : INFO : _internal : 127.0.0.1 - - [05/Apr/2024 18:04:39] "GET /static/css2/style.css HTTP/1.1" 200 -]
[2024-04-05 18:04:39,798 : INFO : _internal : 127.0.0.1 - - [05/Apr/2024 18:04:39] "GET /static/css2/nunito-font.css HTTP/1.1" 200 -]
[2024-04-05 18:04:39,799 : INFO : _internal : 127.0.0.1 - - [05/Apr/2024 18:04:39] "GET /static/css/styles.css HTTP/1.1" 200 -]
[2024-04-05 18:04:39,803 : INFO : _internal : 127.0.0.1 - - [05/Apr/2024 18:04:39] "GET /static/js/scripts.js HTTP/1.1" 200 -]
[2024-04-05 18:04:41,006 : INFO : _internal : 127.0.0.1 - - [05/Apr/2024 18:04:41] "[33mGET /static/assets/img/wine.jpg HTTP/1.1[0m" 404 -]
[2024-04-05 18:04:41,012 : INFO : _internal : 127.0.0.1 - - [05/Apr/2024 18:04:41] "GET /static/assets/img/form-v9.jpg HTTP/1.1" 200 -]
[2024-04-05 18:04:41,044 : INFO : _internal : 127.0.0.1 - - [05/Apr/2024 18:04:41] "[33mGET /static/fonts/Nunito/Nunito-Bold.ttf HTTP/1.1[0m" 404 -]
[2024-04-05 18:04:41,641 : INFO : _internal : 127.0.0.1 - - [05/Apr/2024 18:04:41] "GET /static/assets/favicon.ico HTTP/1.1" 200 -]
[2024-04-05 18:10:00,014 : INFO : _internal :  * Detected change in 'G:\\Projects\\End-to-End-Machine-learning-Project-with-MlFlow\\app.py', reloading]
[2024-04-05 18:10:00,082 : INFO : _internal :  * Restarting with stat]
[2024-04-05 18:11:30,200 : INFO : _internal : [31m[1mWARNING: This is a development server. Do not use it in a production deployment. Use a production WSGI server instead.[0m
 * Running on all addresses (0.0.0.0)
 * Running on http://127.0.0.1:8080
 * Running on http://192.168.1.8:8080]
[2024-04-05 18:11:30,200 : INFO : _internal : [33mPress CTRL+C to quit[0m]
[2024-04-05 18:11:30,202 : INFO : _internal :  * Restarting with stat]
[2024-04-05 18:11:30,824 : WARNING : _internal :  * Debugger is active!]
[2024-04-05 18:11:30,833 : INFO : _internal :  * Debugger PIN: 116-151-462]
[2024-04-05 18:11:30,870 : INFO : _internal : 127.0.0.1 - - [05/Apr/2024 18:11:30] "GET /predict HTTP/1.1" 200 -]
[2024-04-05 18:11:31,201 : INFO : _internal : 127.0.0.1 - - [05/Apr/2024 18:11:31] "[36mGET /static/css2/style.css HTTP/1.1[0m" 304 -]
[2024-04-05 18:11:31,202 : INFO : _internal : 127.0.0.1 - - [05/Apr/2024 18:11:31] "[36mGET /static/css2/nunito-font.css HTTP/1.1[0m" 304 -]
[2024-04-05 18:11:31,202 : INFO : _internal : 127.0.0.1 - - [05/Apr/2024 18:11:31] "[36mGET /static/css/styles.css HTTP/1.1[0m" 304 -]
[2024-04-05 18:11:31,208 : INFO : _internal : 127.0.0.1 - - [05/Apr/2024 18:11:31] "[36mGET /static/js/scripts.js HTTP/1.1[0m" 304 -]
[2024-04-05 18:11:31,221 : INFO : _internal : 127.0.0.1 - - [05/Apr/2024 18:11:31] "[33mGET /static/assets/img/wine.jpg HTTP/1.1[0m" 404 -]
[2024-04-05 18:11:31,223 : INFO : _internal : 127.0.0.1 - - [05/Apr/2024 18:11:31] "[36mGET /static/assets/img/form-v9.jpg HTTP/1.1[0m" 304 -]
[2024-04-05 18:11:31,282 : INFO : _internal : 127.0.0.1 - - [05/Apr/2024 18:11:31] "[33mGET /static/fonts/Nunito/Nunito-Bold.ttf HTTP/1.1[0m" 404 -]
[2024-04-06 17:31:32,490 : INFO : _internal : [31m[1mWARNING: This is a development server. Do not use it in a production deployment. Use a production WSGI server instead.[0m
 * Running on all addresses (0.0.0.0)
 * Running on http://127.0.0.1:8080
 * Running on http://192.168.1.8:8080]
[2024-04-06 17:31:32,491 : INFO : _internal : [33mPress CTRL+C to quit[0m]
[2024-04-06 17:31:32,493 : INFO : _internal :  * Restarting with stat]
[2024-04-06 17:31:33,158 : WARNING : _internal :  * Debugger is active!]
[2024-04-06 17:31:33,170 : INFO : _internal :  * Debugger PIN: 116-151-462]
[2024-04-06 17:31:35,521 : INFO : _internal : 127.0.0.1 - - [06/Apr/2024 17:31:35] "GET / HTTP/1.1" 200 -]
[2024-04-06 17:31:35,959 : INFO : _internal : 127.0.0.1 - - [06/Apr/2024 17:31:35] "[36mGET /static/css2/style.css HTTP/1.1[0m" 304 -]
[2024-04-06 17:31:35,960 : INFO : _internal : 127.0.0.1 - - [06/Apr/2024 17:31:35] "[36mGET /static/css2/nunito-font.css HTTP/1.1[0m" 304 -]
[2024-04-06 17:31:35,960 : INFO : _internal : 127.0.0.1 - - [06/Apr/2024 17:31:35] "[36mGET /static/css/styles.css HTTP/1.1[0m" 304 -]
[2024-04-06 17:31:35,968 : INFO : _internal : 127.0.0.1 - - [06/Apr/2024 17:31:35] "[36mGET /static/js/scripts.js HTTP/1.1[0m" 304 -]
[2024-04-06 17:31:35,978 : INFO : _internal : 127.0.0.1 - - [06/Apr/2024 17:31:35] "[33mGET /static/assets/img/wine.jpg HTTP/1.1[0m" 404 -]
[2024-04-06 17:31:35,985 : INFO : _internal : 127.0.0.1 - - [06/Apr/2024 17:31:35] "[36mGET /static/assets/img/form-v9.jpg HTTP/1.1[0m" 304 -]
[2024-04-06 17:31:36,016 : INFO : _internal : 127.0.0.1 - - [06/Apr/2024 17:31:36] "[33mGET /static/fonts/Nunito/Nunito-Bold.ttf HTTP/1.1[0m" 404 -]
[2024-04-06 17:31:52,406 : INFO : _internal : 127.0.0.1 - - [06/Apr/2024 17:31:52] "POST /predict HTTP/1.1" 200 -]
[2024-04-06 17:31:52,425 : INFO : _internal : 127.0.0.1 - - [06/Apr/2024 17:31:52] "[36mGET /static/css/styles.css HTTP/1.1[0m" 304 -]
[2024-04-06 17:31:52,426 : INFO : _internal : 127.0.0.1 - - [06/Apr/2024 17:31:52] "[36mGET /static/js/scripts.js HTTP/1.1[0m" 304 -]
[2024-04-06 17:31:52,447 : INFO : _internal : 127.0.0.1 - - [06/Apr/2024 17:31:52] "[33mGET /static/assets/img/wine.gif HTTP/1.1[0m" 404 -]
[2024-04-07 02:18:07,489 : INFO : _internal :  * Detected change in 'g:\\projects\\end-to-end-machine-learning-project-with-mlflow\\src\\MlProject\\pipeline\\prediction.py', reloading]
