[2024-03-30 13:14:39,800 : INFO : main : Welcome to our Project]
[2024-03-31 17:05:01,596 : INFO : main : Welcome to our Project]
[2024-03-31 22:01:15,209 : INFO : main : >>>>>> Stage Data Ingestion Stage Started <<<<<<]
[2024-03-31 22:01:15,215 : INFO : common : Yaml file : config\config.yaml Loaded Successfully]
[2024-03-31 22:01:15,218 : INFO : common : Yaml file : params.yaml Loaded Successfully]
[2024-03-31 22:01:15,220 : INFO : common : Yaml file : schema.yaml Loaded Successfully]
[2024-03-31 22:01:15,220 : ERROR : main : type object 'ConfigBox' has no attribute 'artifacts_root']
Traceback (most recent call last):
  File "G:\Projects\End-to-End-Machine-learning-Project-with-MlFlow\main.py", line 9, in <module>
    pipe.main()
  File "g:\projects\end-to-end-machine-learning-project-with-mlflow\src\MlProject\pipeline\stage_01_data_ingestion.py", line 12, in main
    config = ConfigurationManager()
  File "g:\projects\end-to-end-machine-learning-project-with-mlflow\src\MlProject\config\configuration.py", line 16, in __init__
    create_directories([self.config.artifacts_root])
AttributeError: type object 'ConfigBox' has no attribute 'artifacts_root'
[2024-03-31 22:02:18,471 : INFO : main : >>>>>> Stage Data Ingestion Stage Started <<<<<<]
[2024-03-31 22:02:18,472 : INFO : common : Yaml file : config\config.yaml Loaded Successfully]
[2024-03-31 22:02:18,472 : INFO : common : Yaml file : params.yaml Loaded Successfully]
[2024-03-31 22:02:18,473 : INFO : common : Yaml file : schema.yaml Loaded Successfully]
[2024-03-31 22:02:18,473 : ERROR : main : type object 'ConfigBox' has no attribute 'artifacts_root']
Traceback (most recent call last):
  File "G:\Projects\End-to-End-Machine-learning-Project-with-MlFlow\main.py", line 9, in <module>
    pipe.main()
  File "g:\projects\end-to-end-machine-learning-project-with-mlflow\src\MlProject\pipeline\stage_01_data_ingestion.py", line 12, in main
    config = ConfigurationManager()
  File "g:\projects\end-to-end-machine-learning-project-with-mlflow\src\MlProject\config\configuration.py", line 16, in __init__
    create_directories([self.config.artifacts_root])
AttributeError: type object 'ConfigBox' has no attribute 'artifacts_root'
[2024-03-31 22:02:41,802 : INFO : main : >>>>>> Stage Data Ingestion Stage Started <<<<<<]
[2024-03-31 22:02:41,803 : INFO : common : Yaml file : config\config.yaml Loaded Successfully]
[2024-03-31 22:02:41,803 : INFO : common : Yaml file : params.yaml Loaded Successfully]
[2024-03-31 22:02:41,804 : INFO : common : Yaml file : schema.yaml Loaded Successfully]
[2024-03-31 22:02:41,804 : ERROR : main : type object 'ConfigBox' has no attribute 'data_ingestion']
Traceback (most recent call last):
  File "G:\Projects\End-to-End-Machine-learning-Project-with-MlFlow\main.py", line 9, in <module>
    pipe.main()
  File "g:\projects\end-to-end-machine-learning-project-with-mlflow\src\MlProject\pipeline\stage_01_data_ingestion.py", line 13, in main
    data_ingestion_config = config.get_data_ingestion_config()
  File "g:\projects\end-to-end-machine-learning-project-with-mlflow\src\MlProject\config\configuration.py", line 19, in get_data_ingestion_config
    config = self.config.data_ingestion
AttributeError: type object 'ConfigBox' has no attribute 'data_ingestion'
[2024-03-31 22:03:23,395 : INFO : main : >>>>>> Stage Data Ingestion Stage Started <<<<<<]
[2024-03-31 22:03:23,396 : INFO : common : Yaml file : config\config.yaml Loaded Successfully]
[2024-03-31 22:03:23,396 : INFO : common : Yaml file : params.yaml Loaded Successfully]
[2024-03-31 22:03:23,397 : INFO : common : Yaml file : schema.yaml Loaded Successfully]
[2024-03-31 22:03:23,397 : ERROR : main : type object 'ConfigBox' has no attribute 'artifacts_root']
Traceback (most recent call last):
  File "G:\Projects\End-to-End-Machine-learning-Project-with-MlFlow\main.py", line 9, in <module>
    pipe.main()
  File "g:\projects\end-to-end-machine-learning-project-with-mlflow\src\MlProject\pipeline\stage_01_data_ingestion.py", line 12, in main
    config = ConfigurationManager()
  File "g:\projects\end-to-end-machine-learning-project-with-mlflow\src\MlProject\config\configuration.py", line 16, in __init__
    create_directories([self.config.artifacts_root])
AttributeError: type object 'ConfigBox' has no attribute 'artifacts_root'
[2024-03-31 22:05:38,129 : INFO : main : >>>>>> Stage Data Ingestion Stage Started <<<<<<]
[2024-03-31 22:05:38,130 : INFO : common : Yaml file : config\config.yaml Loaded Successfully]
[2024-03-31 22:05:38,146 : INFO : common : Yaml file : params.yaml Loaded Successfully]
[2024-03-31 22:05:38,147 : INFO : common : Yaml file : schema.yaml Loaded Successfully]
[2024-03-31 22:05:38,147 : ERROR : main : yaml file is empty]
Traceback (most recent call last):
  File "g:\projects\end-to-end-machine-learning-project-with-mlflow\src\MlProject\utils\common.py", line 30, in read_yaml
    return ConfigBox(content)
  File "box\box.py", line 247, in box.box.Box.__init__
box.exceptions.BoxValueError: Cannot extrapolate Box from string

During handling of the above exception, another exception occurred:

Traceback (most recent call last):
  File "G:\Projects\End-to-End-Machine-learning-Project-with-MlFlow\main.py", line 9, in <module>
    pipe.main()
  File "g:\projects\end-to-end-machine-learning-project-with-mlflow\src\MlProject\pipeline\stage_01_data_ingestion.py", line 12, in main
    config = ConfigurationManager()
  File "g:\projects\end-to-end-machine-learning-project-with-mlflow\src\MlProject\config\configuration.py", line 14, in __init__
    self.schema = read_yaml(schema_filepath)
  File "G:\Projects\End-to-End-Machine-learning-Project-with-MlFlow\MlProject\lib\site-packages\ensure\main.py", line 807, in __call__
    return self.f(*args, **kwargs)
  File "g:\projects\end-to-end-machine-learning-project-with-mlflow\src\MlProject\utils\common.py", line 32, in read_yaml
    raise ValueError("yaml file is empty")
ValueError: yaml file is empty
[2024-03-31 22:06:16,671 : INFO : main : >>>>>> Stage Data Ingestion Stage Started <<<<<<]
[2024-03-31 22:06:16,673 : INFO : common : Yaml file : config\config.yaml Loaded Successfully]
[2024-03-31 22:06:16,674 : INFO : common : Yaml file : params.yaml Loaded Successfully]
[2024-03-31 22:06:16,674 : INFO : common : Yaml file : schema.yaml Loaded Successfully]
[2024-03-31 22:06:16,675 : ERROR : main : yaml file is empty]
Traceback (most recent call last):
  File "g:\projects\end-to-end-machine-learning-project-with-mlflow\src\MlProject\utils\common.py", line 30, in read_yaml
    return ConfigBox(content)
  File "box\box.py", line 247, in box.box.Box.__init__
box.exceptions.BoxValueError: Cannot extrapolate Box from string

During handling of the above exception, another exception occurred:

Traceback (most recent call last):
  File "G:\Projects\End-to-End-Machine-learning-Project-with-MlFlow\main.py", line 9, in <module>
    pipe.main()
  File "g:\projects\end-to-end-machine-learning-project-with-mlflow\src\MlProject\pipeline\stage_01_data_ingestion.py", line 12, in main
    config = ConfigurationManager()
  File "g:\projects\end-to-end-machine-learning-project-with-mlflow\src\MlProject\config\configuration.py", line 14, in __init__
    self.schema = read_yaml(schema_filepath)
  File "G:\Projects\End-to-End-Machine-learning-Project-with-MlFlow\MlProject\lib\site-packages\ensure\main.py", line 807, in __call__
    return self.f(*args, **kwargs)
  File "g:\projects\end-to-end-machine-learning-project-with-mlflow\src\MlProject\utils\common.py", line 32, in read_yaml
    raise ValueError("yaml file is empty")
ValueError: yaml file is empty
[2024-03-31 22:06:44,815 : INFO : main : >>>>>> Stage Data Ingestion Stage Started <<<<<<]
[2024-03-31 22:06:44,817 : INFO : common : Yaml file : config\config.yaml Loaded Successfully]
[2024-03-31 22:06:44,818 : INFO : common : Yaml file : params.yaml Loaded Successfully]
[2024-03-31 22:06:44,819 : INFO : common : Yaml file : schema.yaml Loaded Successfully]
[2024-03-31 22:06:44,820 : INFO : common : Created directory at: artifacts]
[2024-03-31 22:06:44,820 : ERROR : main : "'ConfigBox' object has no attribute 'root_data'"]
Traceback (most recent call last):
  File "box\box.py", line 503, in box.box.Box.__getitem__
KeyError: 'root_data'

The above exception was the direct cause of the following exception:

Traceback (most recent call last):
  File "box\box.py", line 536, in box.box.Box.__getattr__
  File "box\box.py", line 524, in box.box.Box.__getitem__
box.exceptions.BoxKeyError: "'root_data'"

During handling of the above exception, another exception occurred:

Traceback (most recent call last):
  File "box\box.py", line 538, in box.box.Box.__getattr__
AttributeError: 'ConfigBox' object has no attribute 'root_data'

The above exception was the direct cause of the following exception:

Traceback (most recent call last):
  File "box\config_box.py", line 28, in box.config_box.ConfigBox.__getattr__
  File "box\box.py", line 552, in box.box.Box.__getattr__
box.exceptions.BoxKeyError: "'ConfigBox' object has no attribute 'root_data'"

During handling of the above exception, another exception occurred:

Traceback (most recent call last):
  File "box\box.py", line 503, in box.box.Box.__getitem__
KeyError: 'root_data'

The above exception was the direct cause of the following exception:

Traceback (most recent call last):
  File "box\box.py", line 536, in box.box.Box.__getattr__
  File "box\box.py", line 524, in box.box.Box.__getitem__
box.exceptions.BoxKeyError: "'root_data'"

During handling of the above exception, another exception occurred:

Traceback (most recent call last):
  File "box\box.py", line 538, in box.box.Box.__getattr__
AttributeError: 'ConfigBox' object has no attribute 'root_data'

The above exception was the direct cause of the following exception:

Traceback (most recent call last):
  File "G:\Projects\End-to-End-Machine-learning-Project-with-MlFlow\main.py", line 9, in <module>
    pipe.main()
  File "g:\projects\end-to-end-machine-learning-project-with-mlflow\src\MlProject\pipeline\stage_01_data_ingestion.py", line 13, in main
    data_ingestion_config = config.get_data_ingestion_config()
  File "g:\projects\end-to-end-machine-learning-project-with-mlflow\src\MlProject\config\configuration.py", line 20, in get_data_ingestion_config
    create_directories([config.root_data])
  File "box\config_box.py", line 30, in box.config_box.ConfigBox.__getattr__
  File "box\box.py", line 552, in box.box.Box.__getattr__
box.exceptions.BoxKeyError: "'ConfigBox' object has no attribute 'root_data'"
[2024-03-31 22:08:19,247 : INFO : main : >>>>>> Stage Data Ingestion Stage Started <<<<<<]
[2024-03-31 22:08:19,248 : INFO : common : Yaml file : config\config.yaml Loaded Successfully]
[2024-03-31 22:08:19,249 : INFO : common : Yaml file : params.yaml Loaded Successfully]
[2024-03-31 22:08:19,249 : INFO : common : Yaml file : schema.yaml Loaded Successfully]
[2024-03-31 22:08:19,250 : INFO : common : Created directory at: artifacts]
[2024-03-31 22:08:19,250 : INFO : common : Created directory at: artifacts/data_ingestion]
[2024-03-31 22:08:20,736 : INFO : main : >>>>>> Stage Data Ingestion Stage completed <<<<<< 

 x==========x]
[2024-04-01 15:13:32,536 : INFO : main : >>>>>> Stage Data Ingestion Stage Started <<<<<<]
[2024-04-01 15:13:32,538 : INFO : common : Yaml file : config\config.yaml Loaded Successfully]
[2024-04-01 15:13:32,540 : INFO : common : Yaml file : params.yaml Loaded Successfully]
[2024-04-01 15:13:32,546 : INFO : common : Yaml file : schema.yaml Loaded Successfully]
[2024-04-01 15:13:32,547 : INFO : common : Created directory at: artifacts]
[2024-04-01 15:13:32,547 : INFO : common : Created directory at: artifacts/data_ingestion]
[2024-04-01 15:13:32,547 : INFO : data_ingestion : File Already exists of size~ 23 KB]
[2024-04-01 15:13:32,558 : INFO : main : >>>>>> Stage Data Ingestion Stage completed <<<<<< 

 x==========x]
[2024-04-01 15:14:18,932 : INFO : main : >>>>>> Stage Data Ingestion Stage Started <<<<<<]
[2024-04-01 15:14:18,934 : INFO : common : Yaml file : config\config.yaml Loaded Successfully]
[2024-04-01 15:14:18,935 : INFO : common : Yaml file : params.yaml Loaded Successfully]
[2024-04-01 15:14:18,936 : INFO : common : Yaml file : schema.yaml Loaded Successfully]
[2024-04-01 15:14:18,937 : INFO : common : Created directory at: artifacts]
[2024-04-01 15:14:18,937 : INFO : common : Created directory at: artifacts/data_ingestion]
[2024-04-01 15:14:18,937 : INFO : data_ingestion : File Already exists of size~ 23 KB]
[2024-04-01 15:14:18,939 : INFO : main : >>>>>> Stage Data Ingestion Stage completed <<<<<< 

 x==========x]
[2024-04-01 15:14:18,939 : INFO : main : >>>>>> Stage Data Ingestion Stage Started <<<<<<<]
[2024-04-01 15:14:18,940 : INFO : common : Yaml file : config\config.yaml Loaded Successfully]
[2024-04-01 15:14:18,941 : INFO : common : Yaml file : params.yaml Loaded Successfully]
[2024-04-01 15:14:18,943 : INFO : common : Yaml file : schema.yaml Loaded Successfully]
[2024-04-01 15:14:18,944 : INFO : common : Created directory at: artifacts]
[2024-04-01 15:14:18,944 : INFO : common : Created directory at: artifacts/data_validation]
[2024-04-01 15:14:18,958 : INFO : main : >>>>>> Stage Data Ingestion Stage Completed <<<<<<]
[2024-04-01 15:14:54,843 : INFO : main : >>>>>> Stage Data Ingestion Stage Started <<<<<<]
[2024-04-01 15:14:54,845 : INFO : common : Yaml file : config\config.yaml Loaded Successfully]
[2024-04-01 15:14:54,846 : INFO : common : Yaml file : params.yaml Loaded Successfully]
[2024-04-01 15:14:54,847 : INFO : common : Yaml file : schema.yaml Loaded Successfully]
[2024-04-01 15:14:54,848 : INFO : common : Created directory at: artifacts]
[2024-04-01 15:14:54,848 : INFO : common : Created directory at: artifacts/data_ingestion]
[2024-04-01 15:14:54,848 : INFO : data_ingestion : File Already exists of size~ 23 KB]
[2024-04-01 15:14:54,851 : INFO : main : >>>>>> Stage Data Ingestion Stage completed <<<<<< 

 x==========x]
[2024-04-01 15:14:54,851 : INFO : main : >>>>>> Stage Data Validation Stage Started <<<<<<<]
[2024-04-01 15:14:54,853 : INFO : common : Yaml file : config\config.yaml Loaded Successfully]
[2024-04-01 15:14:54,854 : INFO : common : Yaml file : params.yaml Loaded Successfully]
[2024-04-01 15:14:54,856 : INFO : common : Yaml file : schema.yaml Loaded Successfully]
[2024-04-01 15:14:54,857 : INFO : common : Created directory at: artifacts]
[2024-04-01 15:14:54,857 : INFO : common : Created directory at: artifacts/data_validation]
[2024-04-01 15:14:54,872 : INFO : main : >>>>>> Stage Data Validation Stage Completed <<<<<<]
[2024-04-01 15:17:35,454 : INFO : main : >>>>>> Stage Data Ingestion Stage Started <<<<<<]
[2024-04-01 15:17:35,455 : INFO : common : Yaml file : config\config.yaml Loaded Successfully]
[2024-04-01 15:17:35,456 : INFO : common : Yaml file : params.yaml Loaded Successfully]
[2024-04-01 15:17:35,458 : INFO : common : Yaml file : schema.yaml Loaded Successfully]
[2024-04-01 15:17:35,458 : INFO : common : Created directory at: artifacts]
[2024-04-01 15:17:35,459 : INFO : common : Created directory at: artifacts/data_ingestion]
[2024-04-01 15:17:35,459 : INFO : data_ingestion : File Already exists of size~ 23 KB]
[2024-04-01 15:17:35,461 : INFO : main : >>>>>> Stage Data Ingestion Stage completed <<<<<< 

 x==========x]
[2024-04-01 15:17:35,461 : INFO : main : >>>>>> Stage Data Validation Stage Started <<<<<<<]
[2024-04-01 15:17:35,463 : INFO : common : Yaml file : config\config.yaml Loaded Successfully]
[2024-04-01 15:17:35,463 : INFO : common : Yaml file : params.yaml Loaded Successfully]
[2024-04-01 15:17:35,464 : INFO : common : Yaml file : schema.yaml Loaded Successfully]
[2024-04-01 15:17:35,465 : INFO : common : Created directory at: artifacts]
[2024-04-01 15:17:35,465 : INFO : common : Created directory at: artifacts/data_validation]
[2024-04-01 15:17:35,477 : INFO : main : >>>>>> Stage Data Validation Stage Completed <<<<<<]
[2024-04-01 15:17:52,226 : INFO : main : >>>>>> Stage Data Ingestion Stage Started <<<<<<]
[2024-04-01 15:17:52,227 : INFO : common : Yaml file : config\config.yaml Loaded Successfully]
[2024-04-01 15:17:52,228 : INFO : common : Yaml file : params.yaml Loaded Successfully]
[2024-04-01 15:17:52,230 : INFO : common : Yaml file : schema.yaml Loaded Successfully]
[2024-04-01 15:17:52,231 : INFO : common : Created directory at: artifacts]
[2024-04-01 15:17:52,231 : INFO : common : Created directory at: artifacts/data_ingestion]
[2024-04-01 15:17:52,231 : INFO : data_ingestion : File Already exists of size~ 23 KB]
[2024-04-01 15:17:52,233 : INFO : main : >>>>>> Stage Data Ingestion Stage completed <<<<<< 

 x==========x]
[2024-04-01 15:17:52,233 : INFO : main : >>>>>> Stage Data Validation Stage Started <<<<<<<]
[2024-04-01 15:17:52,235 : INFO : common : Yaml file : config\config.yaml Loaded Successfully]
[2024-04-01 15:17:52,235 : INFO : common : Yaml file : params.yaml Loaded Successfully]
[2024-04-01 15:17:52,237 : INFO : common : Yaml file : schema.yaml Loaded Successfully]
[2024-04-01 15:17:52,237 : INFO : common : Created directory at: artifacts]
[2024-04-01 15:17:52,237 : INFO : common : Created directory at: artifacts/data_validation]
[2024-04-01 15:17:52,249 : INFO : main : >>>>>> Stage Data Validation Stage Completed <<<<<<]
[2024-04-01 15:18:16,667 : INFO : main : >>>>>> Stage Data Ingestion Stage Started <<<<<<]
[2024-04-01 15:18:16,669 : INFO : common : Yaml file : config\config.yaml Loaded Successfully]
[2024-04-01 15:18:16,670 : INFO : common : Yaml file : params.yaml Loaded Successfully]
[2024-04-01 15:18:16,672 : INFO : common : Yaml file : schema.yaml Loaded Successfully]
[2024-04-01 15:18:16,672 : INFO : common : Created directory at: artifacts]
[2024-04-01 15:18:16,673 : INFO : common : Created directory at: artifacts/data_ingestion]
[2024-04-01 15:18:16,673 : INFO : data_ingestion : File Already exists of size~ 23 KB]
[2024-04-01 15:18:16,675 : INFO : main : >>>>>> Stage Data Ingestion Stage completed <<<<<< 

 x==========x]
[2024-04-01 15:18:16,675 : INFO : main : >>>>>> Stage Data Validation Stage Started <<<<<<<]
[2024-04-01 15:18:16,676 : INFO : common : Yaml file : config\config.yaml Loaded Successfully]
[2024-04-01 15:18:16,677 : INFO : common : Yaml file : params.yaml Loaded Successfully]
[2024-04-01 15:18:16,679 : INFO : common : Yaml file : schema.yaml Loaded Successfully]
[2024-04-01 15:18:16,679 : INFO : common : Created directory at: artifacts]
[2024-04-01 15:18:16,680 : INFO : common : Created directory at: artifacts/data_validation]
[2024-04-01 15:18:16,691 : INFO : main : >>>>>> Stage Data Validation Stage Completed <<<<<<]
[2024-04-01 15:18:28,359 : INFO : main : >>>>>> Stage Data Ingestion Stage Started <<<<<<]
[2024-04-01 15:18:28,361 : INFO : common : Yaml file : config\config.yaml Loaded Successfully]
[2024-04-01 15:18:28,361 : INFO : common : Yaml file : params.yaml Loaded Successfully]
[2024-04-01 15:18:28,364 : INFO : common : Yaml file : schema.yaml Loaded Successfully]
[2024-04-01 15:18:28,364 : INFO : common : Created directory at: artifacts]
[2024-04-01 15:18:28,364 : INFO : common : Created directory at: artifacts/data_ingestion]
[2024-04-01 15:18:28,365 : INFO : data_ingestion : File Already exists of size~ 23 KB]
[2024-04-01 15:18:28,366 : INFO : main : >>>>>> Stage Data Ingestion Stage completed <<<<<< 

 x==========x]
[2024-04-01 15:18:28,367 : INFO : main : >>>>>> Stage Data Validation Stage Started <<<<<<<]
[2024-04-01 15:18:28,368 : INFO : common : Yaml file : config\config.yaml Loaded Successfully]
[2024-04-01 15:18:28,369 : INFO : common : Yaml file : params.yaml Loaded Successfully]
[2024-04-01 15:18:28,370 : INFO : common : Yaml file : schema.yaml Loaded Successfully]
[2024-04-01 15:18:28,371 : INFO : common : Created directory at: artifacts]
[2024-04-01 15:18:28,371 : INFO : common : Created directory at: artifacts/data_validation]
[2024-04-01 15:18:28,383 : INFO : main : >>>>>> Stage Data Validation Stage Completed <<<<<<]
[2024-04-01 16:28:43,097 : INFO : stage_03_data_transformation : >>>>>> Data Tranformation Stage Started <<<<<<]
[2024-04-01 16:30:29,544 : INFO : stage_03_data_transformation : >>>>>> Data Tranformation Stage Started <<<<<<]
[2024-04-01 16:30:29,551 : INFO : common : Yaml file : config\config.yaml Loaded Successfully]
[2024-04-01 16:30:29,551 : INFO : common : Yaml file : params.yaml Loaded Successfully]
[2024-04-01 16:30:29,553 : INFO : common : Yaml file : schema.yaml Loaded Successfully]
[2024-04-01 16:30:29,553 : INFO : common : Created directory at: artifacts]
[2024-04-01 16:30:29,554 : INFO : common : Created directory at: artifacts/data_transformation]
[2024-04-01 16:31:20,126 : INFO : stage_03_data_transformation : >>>>>> Data Tranformation Stage Started <<<<<<]
[2024-04-01 16:31:20,128 : INFO : common : Yaml file : config\config.yaml Loaded Successfully]
[2024-04-01 16:31:20,129 : INFO : common : Yaml file : params.yaml Loaded Successfully]
[2024-04-01 16:31:20,130 : INFO : common : Yaml file : schema.yaml Loaded Successfully]
[2024-04-01 16:31:20,131 : INFO : common : Created directory at: artifacts]
[2024-04-01 16:31:20,131 : INFO : common : Created directory at: artifacts/data_transformation]
[2024-04-01 16:31:28,598 : INFO : stage_03_data_transformation : >>>>>> Data Tranformation Stage Started <<<<<<]
[2024-04-01 16:31:28,600 : INFO : common : Yaml file : config\config.yaml Loaded Successfully]
[2024-04-01 16:31:28,600 : INFO : common : Yaml file : params.yaml Loaded Successfully]
[2024-04-01 16:31:28,602 : INFO : common : Yaml file : schema.yaml Loaded Successfully]
[2024-04-01 16:31:28,602 : INFO : common : Created directory at: artifacts]
[2024-04-01 16:31:28,602 : INFO : common : Created directory at: artifacts/data_transformation]
[2024-04-01 16:32:04,715 : INFO : stage_03_data_transformation : >>>>>> Data Tranformation Stage Started <<<<<<]
[2024-04-01 16:32:04,716 : INFO : common : Yaml file : config\config.yaml Loaded Successfully]
[2024-04-01 16:32:04,717 : INFO : common : Yaml file : params.yaml Loaded Successfully]
[2024-04-01 16:32:04,718 : INFO : common : Yaml file : schema.yaml Loaded Successfully]
[2024-04-01 16:32:04,719 : INFO : common : Created directory at: artifacts]
[2024-04-01 16:32:04,719 : INFO : common : Created directory at: artifacts/data_transformation]
[2024-04-01 16:33:17,501 : INFO : main : >>>>>> Stage Data Ingestion Stage Started <<<<<<]
[2024-04-01 16:33:17,502 : INFO : common : Yaml file : config\config.yaml Loaded Successfully]
[2024-04-01 16:33:17,503 : INFO : common : Yaml file : params.yaml Loaded Successfully]
[2024-04-01 16:33:17,504 : INFO : common : Yaml file : schema.yaml Loaded Successfully]
[2024-04-01 16:33:17,505 : INFO : common : Created directory at: artifacts]
[2024-04-01 16:33:17,505 : INFO : common : Created directory at: artifacts/data_ingestion]
[2024-04-01 16:33:18,621 : INFO : main : >>>>>> Stage Data Ingestion Stage completed <<<<<< 

 x==========x]
[2024-04-01 16:33:18,621 : INFO : main : >>>>>> Stage Data Validation Stage Started <<<<<<<]
[2024-04-01 16:33:18,623 : INFO : common : Yaml file : config\config.yaml Loaded Successfully]
[2024-04-01 16:33:18,623 : INFO : common : Yaml file : params.yaml Loaded Successfully]
[2024-04-01 16:33:18,625 : INFO : common : Yaml file : schema.yaml Loaded Successfully]
[2024-04-01 16:33:18,625 : INFO : common : Created directory at: artifacts]
[2024-04-01 16:33:18,626 : INFO : common : Created directory at: artifacts/data_validation]
[2024-04-01 16:33:18,637 : INFO : main : >>>>>> Stage Data Validation Stage Completed <<<<<<]
[2024-04-01 16:33:18,638 : INFO : main : >>>>>> Data Tranformation Stage Started <<<<<<]
[2024-04-01 16:33:18,639 : INFO : common : Yaml file : config\config.yaml Loaded Successfully]
[2024-04-01 16:33:18,640 : INFO : common : Yaml file : params.yaml Loaded Successfully]
[2024-04-01 16:33:18,641 : INFO : common : Yaml file : schema.yaml Loaded Successfully]
[2024-04-01 16:33:18,642 : INFO : common : Created directory at: artifacts]
[2024-04-01 16:33:18,642 : INFO : common : Created directory at: artifacts/data_transformation]
[2024-04-01 16:33:18,662 : INFO : data_transformation : Splited data into training and testing sets]
[2024-04-01 16:33:18,662 : INFO : data_transformation : (1199, 12)]
[2024-04-01 16:33:18,663 : INFO : data_transformation : (400, 12)]
[2024-04-01 16:33:18,663 : INFO : main : >>>>>> Data Tranformation Stage Completed <<<<<<]
[2024-04-01 16:33:45,793 : INFO : main : >>>>>> Stage Data Ingestion Stage Started <<<<<<]
[2024-04-01 16:33:45,795 : INFO : common : Yaml file : config\config.yaml Loaded Successfully]
[2024-04-01 16:33:45,795 : INFO : common : Yaml file : params.yaml Loaded Successfully]
[2024-04-01 16:33:45,797 : INFO : common : Yaml file : schema.yaml Loaded Successfully]
[2024-04-01 16:33:45,797 : INFO : common : Created directory at: artifacts]
[2024-04-01 16:33:45,797 : INFO : common : Created directory at: artifacts/data_ingestion]
[2024-04-01 16:33:45,797 : INFO : data_ingestion : File Already exists of size~ 23 KB]
[2024-04-01 16:33:45,799 : INFO : main : >>>>>> Stage Data Ingestion Stage completed <<<<<< 

 x==========x]
[2024-04-01 16:33:45,799 : INFO : main : >>>>>> Stage Data Validation Stage Started <<<<<<<]
[2024-04-01 16:33:45,801 : INFO : common : Yaml file : config\config.yaml Loaded Successfully]
[2024-04-01 16:33:45,801 : INFO : common : Yaml file : params.yaml Loaded Successfully]
[2024-04-01 16:33:45,803 : INFO : common : Yaml file : schema.yaml Loaded Successfully]
[2024-04-01 16:33:45,803 : INFO : common : Created directory at: artifacts]
[2024-04-01 16:33:45,803 : INFO : common : Created directory at: artifacts/data_validation]
[2024-04-01 16:33:45,815 : INFO : main : >>>>>> Stage Data Validation Stage Completed <<<<<< 

 x==========x]
[2024-04-01 16:33:45,815 : INFO : main : >>>>>> Data Tranformation Stage Started <<<<<<]
[2024-04-01 16:33:45,817 : INFO : common : Yaml file : config\config.yaml Loaded Successfully]
[2024-04-01 16:33:45,818 : INFO : common : Yaml file : params.yaml Loaded Successfully]
[2024-04-01 16:33:45,819 : INFO : common : Yaml file : schema.yaml Loaded Successfully]
[2024-04-01 16:33:45,820 : INFO : common : Created directory at: artifacts]
[2024-04-01 16:33:45,820 : INFO : common : Created directory at: artifacts/data_transformation]
[2024-04-01 16:33:45,834 : INFO : data_transformation : Splited data into training and testing sets]
[2024-04-01 16:33:45,834 : INFO : data_transformation : (1199, 12)]
[2024-04-01 16:33:45,834 : INFO : data_transformation : (400, 12)]
[2024-04-01 16:33:45,835 : INFO : main : >>>>>> Data Tranformation Stage Completed <<<<<< 

 x==========x]
